Initializing model topology...
Trained model weights successfully loaded into memory.
Loading telemetry data from: ensembles/CANARI_SSP370_1_LON_-56.506_LAT_60.819.csv
Deploying model... (Threshold: 0.4314405918121338)
⚠️ Bifurcation Found! Window: [180:244] | Prob: 0.4344
⚠️ Bifurcation Found! Window: [288:352] | Prob: 0.4343
⚠️ Bifurcation Found! Window: [354:418] | Prob: 0.4531
⚠️ Bifurcation Found! Window: [420:484] | Prob: 0.4700
⚠️ Bifurcation Found! Window: [486:550] | Prob: 0.4473
⚠️ Bifurcation Found! Window: [552:616] | Prob: 0.4890
⚠️ Bifurcation Found! Window: [618:682] | Prob: 0.4905
⚠️ Bifurcation Found! Window: [684:748] | Prob: 0.4591
⚠️ Bifurcation Found! Window: [750:814] | Prob: 0.4619
⚠️ Bifurcation Found! Window: [816:880] | Prob: 0.4907
⚠️ Bifurcation Found! Window: [882:946] | Prob: 0.4600
⚠️ Bifurcation Found! Window: [948:1012] | Prob: 0.4668
📊 Changepoint Analysis Complete
    Method          : Binary Segmentation (rbf)
    Breakpoint at   : timestep 555
    Confidence score: 0.085  (between/total variance ratio)
Plot saved to bifurcation_inference.png
Max probability seen  : 0.5119 at t=840
Mean probability      : 0.4498
% windows above 0.45  : 62.5%
% windows above 0.50  : 5.6%
% windows above thresh: 70.6%

----------------────────────────────────
INFERENCE COMPLETE. Total Triggers: 12
----------------────────────────────────
Detailed logs saved to 'detected_ocean_bifurcations_1.csv'.
Initializing model topology...
Trained model weights successfully loaded into memory.
Loading telemetry data from: ensembles/CANARI_SSP370_2_LON_-56.506_LAT_60.819.csv
Deploying model... (Threshold: 0.4516788125038147)
⚠️ Bifurcation Found! Window: [354:418] | Prob: 0.4532
⚠️ Bifurcation Found! Window: [420:484] | Prob: 0.4737
⚠️ Bifurcation Found! Window: [486:550] | Prob: 0.4721
⚠️ Bifurcation Found! Window: [552:616] | Prob: 0.4851
⚠️ Bifurcation Found! Window: [618:682] | Prob: 0.4611
⚠️ Bifurcation Found! Window: [684:748] | Prob: 0.4671
⚠️ Bifurcation Found! Window: [750:814] | Prob: 0.5112
⚠️ Bifurcation Found! Window: [816:880] | Prob: 0.4792
⚠️ Bifurcation Found! Window: [882:946] | Prob: 0.4656
⚠️ Bifurcation Found! Window: [948:1012] | Prob: 0.4889
📊 Changepoint Analysis Complete
    Method          : Binary Segmentation (rbf)
    Breakpoint at   : timestep 510
    Confidence score: 0.076  (between/total variance ratio)
Plot saved to bifurcation_inference.png
Max probability seen  : 0.5271 at t=756
Mean probability      : 0.4574
% windows above 0.45  : 63.1%
% windows above 0.50  : 5.6%
% windows above thresh: 63.1%

----------------────────────────────────
INFERENCE COMPLETE. Total Triggers: 10
----------------────────────────────────
Detailed logs saved to 'detected_ocean_bifurcations_2.csv'.
============================================================
null alerts raised during training, skipping inference for ensemble 3
============================================================
Initializing model topology...
Trained model weights successfully loaded into memory.
Loading telemetry data from: ensembles/CANARI_SSP370_4_LON_-56.506_LAT_60.819.csv
Deploying model... (Threshold: 0.44829484820365906)
⚠️ Bifurcation Found! Window: [144:208] | Prob: 0.4508
⚠️ Bifurcation Found! Window: [270:334] | Prob: 0.4495
⚠️ Bifurcation Found! Window: [336:400] | Prob: 0.4855
⚠️ Bifurcation Found! Window: [402:466] | Prob: 0.4636
⚠️ Bifurcation Found! Window: [468:532] | Prob: 0.4897
⚠️ Bifurcation Found! Window: [534:598] | Prob: 0.4677
⚠️ Bifurcation Found! Window: [600:664] | Prob: 0.4943
⚠️ Bifurcation Found! Window: [666:730] | Prob: 0.4492
⚠️ Bifurcation Found! Window: [732:796] | Prob: 0.5107
⚠️ Bifurcation Found! Window: [798:862] | Prob: 0.4748
⚠️ Bifurcation Found! Window: [864:928] | Prob: 0.5186
⚠️ Bifurcation Found! Window: [930:994] | Prob: 0.5475
📊 Changepoint Analysis Complete
    Method          : Binary Segmentation (rbf)
    Breakpoint at   : timestep 485
    Confidence score: 0.075  (between/total variance ratio)
Plot saved to bifurcation_inference.png
Max probability seen  : 0.5644 at t=900
Mean probability      : 0.4722
% windows above 0.45  : 74.4%
% windows above 0.50  : 16.2%
% windows above thresh: 75.6%

----------------────────────────────────
INFERENCE COMPLETE. Total Triggers: 12
----------------────────────────────────
Detailed logs saved to 'detected_ocean_bifurcations_4.csv'.
Initializing model topology...
Trained model weights successfully loaded into memory.
Loading telemetry data from: ensembles/CANARI_SSP370_5_LON_-56.506_LAT_60.819.csv
Deploying model... (Threshold: 0.44307181239128113)
⚠️ Bifurcation Found! Window: [324:388] | Prob: 0.4516
⚠️ Bifurcation Found! Window: [390:454] | Prob: 0.4625
⚠️ Bifurcation Found! Window: [456:520] | Prob: 0.4837
⚠️ Bifurcation Found! Window: [522:586] | Prob: 0.4963
⚠️ Bifurcation Found! Window: [588:652] | Prob: 0.4929
⚠️ Bifurcation Found! Window: [654:718] | Prob: 0.4883
⚠️ Bifurcation Found! Window: [720:784] | Prob: 0.5333
⚠️ Bifurcation Found! Window: [786:850] | Prob: 0.5184
⚠️ Bifurcation Found! Window: [852:916] | Prob: 0.5044
⚠️ Bifurcation Found! Window: [918:982] | Prob: 0.5092
📊 Changepoint Analysis Complete
    Method          : Binary Segmentation (rbf)
    Breakpoint at   : timestep 545
    Confidence score: 0.120  (between/total variance ratio)
Plot saved to bifurcation_inference.png
Max probability seen  : 0.5702 at t=954
Mean probability      : 0.4426
% windows above 0.45  : 65.0%
% windows above 0.50  : 28.1%
% windows above thresh: 66.2%

----------------────────────────────────
INFERENCE COMPLETE. Total Triggers: 10
----------------────────────────────────
Detailed logs saved to 'detected_ocean_bifurcations_5.csv'.
'ensemble_6'
Could not locate model weights at 'models/best_bifurcation_model_6.pth', skipping inference
============================================================
null alerts raised during training, skipping inference for ensemble 7
============================================================
Initializing model topology...
Trained model weights successfully loaded into memory.
Loading telemetry data from: ensembles/CANARI_SSP370_8_LON_-56.506_LAT_60.819.csv
Deploying model... (Threshold: 0.4418141543865204)
⚠️ Bifurcation Found! Window: [312:376] | Prob: 0.4423
⚠️ Bifurcation Found! Window: [378:442] | Prob: 0.4767
⚠️ Bifurcation Found! Window: [444:508] | Prob: 0.5210
⚠️ Bifurcation Found! Window: [510:574] | Prob: 0.5108
⚠️ Bifurcation Found! Window: [576:640] | Prob: 0.5177
⚠️ Bifurcation Found! Window: [642:706] | Prob: 0.5099
⚠️ Bifurcation Found! Window: [708:772] | Prob: 0.5248
⚠️ Bifurcation Found! Window: [774:838] | Prob: 0.5361
⚠️ Bifurcation Found! Window: [840:904] | Prob: 0.5019
⚠️ Bifurcation Found! Window: [906:970] | Prob: 0.6009
📊 Changepoint Analysis Complete
    Method          : Binary Segmentation (rbf)
    Breakpoint at   : timestep 355
    Confidence score: 0.072  (between/total variance ratio)
/home/users/thopri/PROMOTE/LatentTCN/inference.py:171: UserWarning: Glyph 9989 (\N{WHITE HEAVY CHECK MARK}) missing from font(s) DejaVu Sans.
  plt.tight_layout()
/home/users/thopri/PROMOTE/LatentTCN/inference.py:172: UserWarning: Glyph 9989 (\N{WHITE HEAVY CHECK MARK}) missing from font(s) DejaVu Sans.
  plt.savefig(f"results/bifurcation_inference_{ensemble}.png", dpi=150, bbox_inches='tight')
Plot saved to bifurcation_inference.png
Max probability seen  : 0.6009 at t=906
Mean probability      : 0.4832
% windows above 0.45  : 66.2%
% windows above 0.50  : 52.5%
% windows above thresh: 67.5%

----------------────────────────────────
INFERENCE COMPLETE. Total Triggers: 10
----------------────────────────────────
Detailed logs saved to 'detected_ocean_bifurcations_8.csv'.
Initializing model topology...
Trained model weights successfully loaded into memory.
Loading telemetry data from: ensembles/CANARI_SSP370_9_LON_-56.506_LAT_60.819.csv
Deploying model... (Threshold: 0.4609048366546631)
⚠️ Bifurcation Found! Window: [258:322] | Prob: 0.4633
⚠️ Bifurcation Found! Window: [324:388] | Prob: 0.4614
⚠️ Bifurcation Found! Window: [390:454] | Prob: 0.4697
⚠️ Bifurcation Found! Window: [456:520] | Prob: 0.4798
⚠️ Bifurcation Found! Window: [522:586] | Prob: 0.5046
⚠️ Bifurcation Found! Window: [588:652] | Prob: 0.5133
⚠️ Bifurcation Found! Window: [654:718] | Prob: 0.5015
⚠️ Bifurcation Found! Window: [720:784] | Prob: 0.5100
⚠️ Bifurcation Found! Window: [786:850] | Prob: 0.5242
⚠️ Bifurcation Found! Window: [852:916] | Prob: 0.4857
⚠️ Bifurcation Found! Window: [918:982] | Prob: 0.5365
📊 Changepoint Analysis Complete
    Method          : Binary Segmentation (rbf)
    Breakpoint at   : timestep 535
    Confidence score: 0.107  (between/total variance ratio)
Plot saved to bifurcation_inference.png
Max probability seen  : 0.5848 at t=762
Mean probability      : 0.4793
% windows above 0.45  : 75.0%
% windows above 0.50  : 28.1%
% windows above thresh: 68.1%

----------------────────────────────────
INFERENCE COMPLETE. Total Triggers: 11
----------------────────────────────────
Detailed logs saved to 'detected_ocean_bifurcations_9.csv'.
Initializing model topology...
Trained model weights successfully loaded into memory.
Loading telemetry data from: ensembles/CANARI_SSP370_10_LON_-56.506_LAT_60.819.csv
Deploying model... (Threshold: 0.42829692363739014)
⚠️ Bifurcation Found! Window: [264:328] | Prob: 0.4329
⚠️ Bifurcation Found! Window: [330:394] | Prob: 0.4990
⚠️ Bifurcation Found! Window: [396:460] | Prob: 0.4817
⚠️ Bifurcation Found! Window: [462:526] | Prob: 0.4935
⚠️ Bifurcation Found! Window: [528:592] | Prob: 0.4871
⚠️ Bifurcation Found! Window: [594:658] | Prob: 0.5099
⚠️ Bifurcation Found! Window: [660:724] | Prob: 0.5073
⚠️ Bifurcation Found! Window: [726:790] | Prob: 0.5021
⚠️ Bifurcation Found! Window: [792:856] | Prob: 0.5162
⚠️ Bifurcation Found! Window: [858:922] | Prob: 0.5053
⚠️ Bifurcation Found! Window: [924:988] | Prob: 0.5816
📊 Changepoint Analysis Complete
    Method          : Binary Segmentation (rbf)
    Breakpoint at   : timestep 640
    Confidence score: 0.117  (between/total variance ratio)
Plot saved to bifurcation_inference.png
Max probability seen  : 0.5853 at t=912
Mean probability      : 0.4565
% windows above 0.45  : 70.6%
% windows above 0.50  : 35.6%
% windows above thresh: 72.5%

----------------────────────────────────
INFERENCE COMPLETE. Total Triggers: 11
----------------────────────────────────
Detailed logs saved to 'detected_ocean_bifurcations_10.csv'.
Initializing model topology...
Trained model weights successfully loaded into memory.
Loading telemetry data from: ensembles/CANARI_SSP370_11_LON_-56.506_LAT_60.819.csv
Deploying model... (Threshold: 0.4082913100719452)
⚠️ Bifurcation Found! Window: [192:256] | Prob: 0.4172
⚠️ Bifurcation Found! Window: [258:322] | Prob: 0.4456
⚠️ Bifurcation Found! Window: [324:388] | Prob: 0.4794
⚠️ Bifurcation Found! Window: [390:454] | Prob: 0.4605
⚠️ Bifurcation Found! Window: [456:520] | Prob: 0.4719
⚠️ Bifurcation Found! Window: [522:586] | Prob: 0.4808
⚠️ Bifurcation Found! Window: [588:652] | Prob: 0.4856
⚠️ Bifurcation Found! Window: [654:718] | Prob: 0.5072
⚠️ Bifurcation Found! Window: [720:784] | Prob: 0.5295
⚠️ Bifurcation Found! Window: [786:850] | Prob: 0.5317
⚠️ Bifurcation Found! Window: [852:916] | Prob: 0.5055
⚠️ Bifurcation Found! Window: [918:982] | Prob: 0.5072
📊 Changepoint Analysis Complete
    Method          : Binary Segmentation (rbf)
    Breakpoint at   : timestep 565
    Confidence score: 0.121  (between/total variance ratio)
Plot saved to bifurcation_inference.png
Max probability seen  : 0.5613 at t=774
Mean probability      : 0.4697
% windows above 0.45  : 70.0%
% windows above 0.50  : 33.8%
% windows above thresh: 80.0%

----------------────────────────────────
INFERENCE COMPLETE. Total Triggers: 12
----------------────────────────────────
Detailed logs saved to 'detected_ocean_bifurcations_11.csv'.
Initializing model topology...
Trained model weights successfully loaded into memory.
Loading telemetry data from: ensembles/CANARI_SSP370_12_LON_-56.506_LAT_60.819.csv
Deploying model... (Threshold: 0.4557899534702301)
⚠️ Bifurcation Found! Window: [522:586] | Prob: 0.4600
⚠️ Bifurcation Found! Window: [588:652] | Prob: 0.4855
⚠️ Bifurcation Found! Window: [654:718] | Prob: 0.4631
⚠️ Bifurcation Found! Window: [720:784] | Prob: 0.4737
⚠️ Bifurcation Found! Window: [786:850] | Prob: 0.4795
⚠️ Bifurcation Found! Window: [906:970] | Prob: 0.4658
📊 Changepoint Analysis Complete
    Method          : Binary Segmentation (rbf)
    Breakpoint at   : timestep 545
    Confidence score: 0.114  (between/total variance ratio)
/home/users/thopri/PROMOTE/LatentTCN/inference.py:171: UserWarning: Glyph 9989 (\N{WHITE HEAVY CHECK MARK}) missing from font(s) DejaVu Sans.
  plt.tight_layout()
/home/users/thopri/PROMOTE/LatentTCN/inference.py:172: UserWarning: Glyph 9989 (\N{WHITE HEAVY CHECK MARK}) missing from font(s) DejaVu Sans.
  plt.savefig(f"results/bifurcation_inference_{ensemble}.png", dpi=150, bbox_inches='tight')
Plot saved to bifurcation_inference.png
Max probability seen  : 0.5571 at t=948
Mean probability      : 0.4488
% windows above 0.45  : 40.6%
% windows above 0.50  : 3.1%
% windows above thresh: 33.8%

----------------────────────────────────
INFERENCE COMPLETE. Total Triggers: 6
----------------────────────────────────
Detailed logs saved to 'detected_ocean_bifurcations_12.csv'.
Initializing model topology...
Trained model weights successfully loaded into memory.
Loading telemetry data from: ensembles/CANARI_SSP370_13_LON_-56.506_LAT_60.819.csv
Deploying model... (Threshold: 0.4658326506614685)
⚠️ Bifurcation Found! Window: [330:394] | Prob: 0.4744
⚠️ Bifurcation Found! Window: [396:460] | Prob: 0.4811
⚠️ Bifurcation Found! Window: [468:532] | Prob: 0.4749
⚠️ Bifurcation Found! Window: [534:598] | Prob: 0.4892
⚠️ Bifurcation Found! Window: [600:664] | Prob: 0.5013
⚠️ Bifurcation Found! Window: [666:730] | Prob: 0.4842
⚠️ Bifurcation Found! Window: [732:796] | Prob: 0.5766
⚠️ Bifurcation Found! Window: [798:862] | Prob: 0.5035
⚠️ Bifurcation Found! Window: [864:928] | Prob: 0.4901
⚠️ Bifurcation Found! Window: [930:994] | Prob: 0.4765
📊 Changepoint Analysis Complete
    Method          : Binary Segmentation (rbf)
    Breakpoint at   : timestep 605
    Confidence score: 0.109  (between/total variance ratio)
Plot saved to bifurcation_inference.png
Max probability seen  : 0.6107 at t=726
Mean probability      : 0.4742
% windows above 0.45  : 69.4%
% windows above 0.50  : 16.9%
% windows above thresh: 64.4%

----------------────────────────────────
INFERENCE COMPLETE. Total Triggers: 10
----------------────────────────────────
Detailed logs saved to 'detected_ocean_bifurcations_13.csv'.
Initializing model topology...
Trained model weights successfully loaded into memory.
Loading telemetry data from: ensembles/CANARI_SSP370_14_LON_-56.506_LAT_60.819.csv
Deploying model... (Threshold: 0.43796005845069885)
⚠️ Bifurcation Found! Window: [204:268] | Prob: 0.4387
⚠️ Bifurcation Found! Window: [270:334] | Prob: 0.4395
⚠️ Bifurcation Found! Window: [336:400] | Prob: 0.4620
⚠️ Bifurcation Found! Window: [402:466] | Prob: 0.4782
⚠️ Bifurcation Found! Window: [468:532] | Prob: 0.5022
⚠️ Bifurcation Found! Window: [534:598] | Prob: 0.5065
⚠️ Bifurcation Found! Window: [600:664] | Prob: 0.4936
⚠️ Bifurcation Found! Window: [666:730] | Prob: 0.4969
⚠️ Bifurcation Found! Window: [732:796] | Prob: 0.5277
⚠️ Bifurcation Found! Window: [798:862] | Prob: 0.5013
⚠️ Bifurcation Found! Window: [864:928] | Prob: 0.4962
⚠️ Bifurcation Found! Window: [930:994] | Prob: 0.4873
📊 Changepoint Analysis Complete
    Method          : Binary Segmentation (rbf)
    Breakpoint at   : timestep 740
    Confidence score: 0.137  (between/total variance ratio)
/home/users/thopri/PROMOTE/LatentTCN/inference.py:118: RuntimeWarning: More than 20 figures have been opened. Figures created through the pyplot interface (`matplotlib.pyplot.figure`) are retained until explicitly closed and may consume too much memory. (To control this warning, see the rcParam `figure.max_open_warning`). Consider using `matplotlib.pyplot.close()`.
  fig, axes = plt.subplots(n_channels, 1, figsize=(14, 2.5 * n_channels), sharex=True)
Plot saved to bifurcation_inference.png
Max probability seen  : 0.5685 at t=744
Mean probability      : 0.4695
% windows above 0.45  : 67.5%
% windows above 0.50  : 33.8%
% windows above thresh: 75.6%

----------------────────────────────────
INFERENCE COMPLETE. Total Triggers: 12
----------------────────────────────────
Detailed logs saved to 'detected_ocean_bifurcations_14.csv'.
Initializing model topology...
Trained model weights successfully loaded into memory.
Loading telemetry data from: ensembles/CANARI_SSP370_15_LON_-56.506_LAT_60.819.csv
Deploying model... (Threshold: 0.4632353186607361)
⚠️ Bifurcation Found! Window: [198:262] | Prob: 0.4701
⚠️ Bifurcation Found! Window: [336:400] | Prob: 0.4633
⚠️ Bifurcation Found! Window: [402:466] | Prob: 0.4635
⚠️ Bifurcation Found! Window: [468:532] | Prob: 0.4772
⚠️ Bifurcation Found! Window: [534:598] | Prob: 0.4936
⚠️ Bifurcation Found! Window: [600:664] | Prob: 0.5009
⚠️ Bifurcation Found! Window: [666:730] | Prob: 0.4985
⚠️ Bifurcation Found! Window: [732:796] | Prob: 0.4834
⚠️ Bifurcation Found! Window: [798:862] | Prob: 0.4868
⚠️ Bifurcation Found! Window: [864:928] | Prob: 0.4871
⚠️ Bifurcation Found! Window: [930:994] | Prob: 0.5059
📊 Changepoint Analysis Complete
    Method          : Binary Segmentation (rbf)
    Breakpoint at   : timestep 500
    Confidence score: 0.095  (between/total variance ratio)
Plot saved to bifurcation_inference.png
Max probability seen  : 0.5287 at t=576
Mean probability      : 0.4708
% windows above 0.45  : 75.6%
% windows above 0.50  : 18.1%
% windows above thresh: 64.4%

----------------────────────────────────
INFERENCE COMPLETE. Total Triggers: 11
----------------────────────────────────
Detailed logs saved to 'detected_ocean_bifurcations_15.csv'.
============================================================
null alerts raised during training, skipping inference for ensemble 16
============================================================
============================================================
null alerts raised during training, skipping inference for ensemble 17
============================================================
Initializing model topology...
Trained model weights successfully loaded into memory.
Loading telemetry data from: ensembles/CANARI_SSP370_18_LON_-56.506_LAT_60.819.csv
Deploying model... (Threshold: 0.4424104392528534)
⚠️ Bifurcation Found! Window: [162:226] | Prob: 0.4535
⚠️ Bifurcation Found! Window: [318:382] | Prob: 0.4544
⚠️ Bifurcation Found! Window: [384:448] | Prob: 0.4883
⚠️ Bifurcation Found! Window: [450:514] | Prob: 0.4453
⚠️ Bifurcation Found! Window: [516:580] | Prob: 0.4991
⚠️ Bifurcation Found! Window: [582:646] | Prob: 0.5466
⚠️ Bifurcation Found! Window: [648:712] | Prob: 0.5644
⚠️ Bifurcation Found! Window: [714:778] | Prob: 0.5613
⚠️ Bifurcation Found! Window: [780:844] | Prob: 0.5295
⚠️ Bifurcation Found! Window: [846:910] | Prob: 0.5244
⚠️ Bifurcation Found! Window: [912:976] | Prob: 0.5105
📊 Changepoint Analysis Complete
    Method          : Binary Segmentation (rbf)
    Breakpoint at   : timestep 570
    Confidence score: 0.121  (between/total variance ratio)
Plot saved to bifurcation_inference.png
Max probability seen  : 0.5700 at t=654
Mean probability      : 0.4319
% windows above 0.45  : 67.5%
% windows above 0.50  : 42.5%
% windows above thresh: 71.2%

----------------────────────────────────
INFERENCE COMPLETE. Total Triggers: 11
----------------────────────────────────
Detailed logs saved to 'detected_ocean_bifurcations_18.csv'.
Initializing model topology...
Trained model weights successfully loaded into memory.
Loading telemetry data from: ensembles/CANARI_SSP370_19_LON_-56.506_LAT_60.819.csv
Deploying model... (Threshold: 0.45308712124824524)
⚠️ Bifurcation Found! Window: [216:280] | Prob: 0.4544
⚠️ Bifurcation Found! Window: [282:346] | Prob: 0.4577
⚠️ Bifurcation Found! Window: [348:412] | Prob: 0.4898
⚠️ Bifurcation Found! Window: [414:478] | Prob: 0.4861
⚠️ Bifurcation Found! Window: [480:544] | Prob: 0.4532
⚠️ Bifurcation Found! Window: [546:610] | Prob: 0.4873
⚠️ Bifurcation Found! Window: [612:676] | Prob: 0.5058
⚠️ Bifurcation Found! Window: [678:742] | Prob: 0.4879
⚠️ Bifurcation Found! Window: [744:808] | Prob: 0.5124
⚠️ Bifurcation Found! Window: [816:880] | Prob: 0.4561
⚠️ Bifurcation Found! Window: [882:946] | Prob: 0.4699
⚠️ Bifurcation Found! Window: [948:1012] | Prob: 0.4940
📊 Changepoint Analysis Complete
    Method          : Binary Segmentation (rbf)
    Breakpoint at   : timestep 320
    Confidence score: 0.074  (between/total variance ratio)
Plot saved to bifurcation_inference.png
Max probability seen  : 0.5306 at t=594
Mean probability      : 0.4674
% windows above 0.45  : 76.2%
% windows above 0.50  : 14.4%
% windows above thresh: 75.0%

----------------────────────────────────
INFERENCE COMPLETE. Total Triggers: 12
----------------────────────────────────
Detailed logs saved to 'detected_ocean_bifurcations_19.csv'.
Initializing model topology...
Trained model weights successfully loaded into memory.
Loading telemetry data from: ensembles/CANARI_SSP370_20_LON_-56.506_LAT_60.819.csv
Deploying model... (Threshold: 0.4566083252429962)
⚠️ Bifurcation Found! Window: [288:352] | Prob: 0.4631
⚠️ Bifurcation Found! Window: [528:592] | Prob: 0.4576
⚠️ Bifurcation Found! Window: [594:658] | Prob: 0.4586
⚠️ Bifurcation Found! Window: [660:724] | Prob: 0.4900
⚠️ Bifurcation Found! Window: [726:790] | Prob: 0.4643
⚠️ Bifurcation Found! Window: [792:856] | Prob: 0.4696
⚠️ Bifurcation Found! Window: [858:922] | Prob: 0.4667
⚠️ Bifurcation Found! Window: [924:988] | Prob: 0.4602
📊 Changepoint Analysis Complete
    Method          : Binary Segmentation (rbf)
    Breakpoint at   : timestep 505
    Confidence score: 0.082  (between/total variance ratio)
Plot saved to bifurcation_inference.png
Max probability seen  : 0.4900 at t=660
Mean probability      : 0.4352
% windows above 0.45  : 53.1%
% windows above 0.50  : 0.0%
% windows above thresh: 41.9%

----------------────────────────────────
INFERENCE COMPLETE. Total Triggers: 8
----------------────────────────────────
Detailed logs saved to 'detected_ocean_bifurcations_20.csv'.
Initializing model topology...
Trained model weights successfully loaded into memory.
Loading telemetry data from: ensembles/CANARI_SSP370_21_LON_-56.506_LAT_60.819.csv
Deploying model... (Threshold: 0.4496278166770935)
⚠️ Bifurcation Found! Window: [354:418] | Prob: 0.4547
⚠️ Bifurcation Found! Window: [420:484] | Prob: 0.4947
⚠️ Bifurcation Found! Window: [486:550] | Prob: 0.4924
⚠️ Bifurcation Found! Window: [552:616] | Prob: 0.4962
⚠️ Bifurcation Found! Window: [618:682] | Prob: 0.4883
⚠️ Bifurcation Found! Window: [684:748] | Prob: 0.4867
⚠️ Bifurcation Found! Window: [750:814] | Prob: 0.5574
⚠️ Bifurcation Found! Window: [816:880] | Prob: 0.4873
⚠️ Bifurcation Found! Window: [882:946] | Prob: 0.5032
⚠️ Bifurcation Found! Window: [948:1012] | Prob: 0.5029
📊 Changepoint Analysis Complete
    Method          : Binary Segmentation (rbf)
    Breakpoint at   : timestep 390
    Confidence score: 0.085  (between/total variance ratio)
/home/users/thopri/PROMOTE/LatentTCN/inference.py:171: UserWarning: Glyph 9989 (\N{WHITE HEAVY CHECK MARK}) missing from font(s) DejaVu Sans.
  plt.tight_layout()
/home/users/thopri/PROMOTE/LatentTCN/inference.py:172: UserWarning: Glyph 9989 (\N{WHITE HEAVY CHECK MARK}) missing from font(s) DejaVu Sans.
  plt.savefig(f"results/bifurcation_inference_{ensemble}.png", dpi=150, bbox_inches='tight')
Plot saved to bifurcation_inference.png
Max probability seen  : 0.5642 at t=756
Mean probability      : 0.4702
% windows above 0.45  : 63.1%
% windows above 0.50  : 16.9%
% windows above thresh: 63.1%

----------------────────────────────────
INFERENCE COMPLETE. Total Triggers: 10
----------------────────────────────────
Detailed logs saved to 'detected_ocean_bifurcations_21.csv'.
Initializing model topology...
Trained model weights successfully loaded into memory.
Loading telemetry data from: ensembles/CANARI_SSP370_22_LON_-56.506_LAT_60.819.csv
Deploying model... (Threshold: 0.47305774688720703)
⚠️ Bifurcation Found! Window: [360:424] | Prob: 0.4775
⚠️ Bifurcation Found! Window: [426:490] | Prob: 0.5083
⚠️ Bifurcation Found! Window: [492:556] | Prob: 0.4838
⚠️ Bifurcation Found! Window: [558:622] | Prob: 0.5212
⚠️ Bifurcation Found! Window: [624:688] | Prob: 0.4794
⚠️ Bifurcation Found! Window: [690:754] | Prob: 0.4951
⚠️ Bifurcation Found! Window: [768:832] | Prob: 0.4750
⚠️ Bifurcation Found! Window: [834:898] | Prob: 0.4809
⚠️ Bifurcation Found! Window: [900:964] | Prob: 0.5045
📊 Changepoint Analysis Complete
    Method          : Binary Segmentation (rbf)
    Breakpoint at   : timestep 365
    Confidence score: 0.058  (between/total variance ratio)
/home/users/thopri/PROMOTE/LatentTCN/inference.py:171: UserWarning: Glyph 9989 (\N{WHITE HEAVY CHECK MARK}) missing from font(s) DejaVu Sans.
  plt.tight_layout()
/home/users/thopri/PROMOTE/LatentTCN/inference.py:172: UserWarning: Glyph 9989 (\N{WHITE HEAVY CHECK MARK}) missing from font(s) DejaVu Sans.
  plt.savefig(f"results/bifurcation_inference_{ensemble}.png", dpi=150, bbox_inches='tight')
Plot saved to bifurcation_inference.png
Max probability seen  : 0.5212 at t=558
Mean probability      : 0.4617
% windows above 0.45  : 66.2%
% windows above 0.50  : 16.2%
% windows above thresh: 61.3%

----------------────────────────────────
INFERENCE COMPLETE. Total Triggers: 9
----------------────────────────────────
Detailed logs saved to 'detected_ocean_bifurcations_22.csv'.
Initializing model topology...
Trained model weights successfully loaded into memory.
Loading telemetry data from: ensembles/CANARI_SSP370_23_LON_-56.506_LAT_60.819.csv
Deploying model... (Threshold: 0.448224276304245)
⚠️ Bifurcation Found! Window: [204:268] | Prob: 0.4527
⚠️ Bifurcation Found! Window: [270:334] | Prob: 0.4743
⚠️ Bifurcation Found! Window: [384:448] | Prob: 0.4533
⚠️ Bifurcation Found! Window: [450:514] | Prob: 0.4600
⚠️ Bifurcation Found! Window: [516:580] | Prob: 0.4600
⚠️ Bifurcation Found! Window: [582:646] | Prob: 0.4748
⚠️ Bifurcation Found! Window: [648:712] | Prob: 0.5196
⚠️ Bifurcation Found! Window: [714:778] | Prob: 0.5015
⚠️ Bifurcation Found! Window: [780:844] | Prob: 0.4786
⚠️ Bifurcation Found! Window: [846:910] | Prob: 0.5077
⚠️ Bifurcation Found! Window: [912:976] | Prob: 0.5183
📊 Changepoint Analysis Complete
    Method          : Binary Segmentation (rbf)
    Breakpoint at   : timestep 555
    Confidence score: 0.066  (between/total variance ratio)
Plot saved to bifurcation_inference.png
Max probability seen  : 0.5293 at t=636
Mean probability      : 0.4630
% windows above 0.45  : 68.1%
% windows above 0.50  : 25.6%
% windows above thresh: 68.8%

----------------────────────────────────
INFERENCE COMPLETE. Total Triggers: 11
----------------────────────────────────
Detailed logs saved to 'detected_ocean_bifurcations_23.csv'.
Initializing model topology...
Trained model weights successfully loaded into memory.
Loading telemetry data from: ensembles/CANARI_SSP370_24_LON_-56.506_LAT_60.819.csv
Deploying model... (Threshold: 0.4621729254722595)
⚠️ Bifurcation Found! Window: [324:388] | Prob: 0.4648
⚠️ Bifurcation Found! Window: [390:454] | Prob: 0.4770
⚠️ Bifurcation Found! Window: [456:520] | Prob: 0.5104
⚠️ Bifurcation Found! Window: [522:586] | Prob: 0.5180
⚠️ Bifurcation Found! Window: [588:652] | Prob: 0.5556
⚠️ Bifurcation Found! Window: [654:718] | Prob: 0.4896
⚠️ Bifurcation Found! Window: [720:784] | Prob: 0.5400
⚠️ Bifurcation Found! Window: [786:850] | Prob: 0.4949
⚠️ Bifurcation Found! Window: [852:916] | Prob: 0.4813
⚠️ Bifurcation Found! Window: [918:982] | Prob: 0.5267
📊 Changepoint Analysis Complete
    Method          : Binary Segmentation (rbf)
    Breakpoint at   : timestep 380
    Confidence score: 0.093  (between/total variance ratio)
/home/users/thopri/PROMOTE/LatentTCN/inference.py:171: UserWarning: Glyph 9989 (\N{WHITE HEAVY CHECK MARK}) missing from font(s) DejaVu Sans.
  plt.tight_layout()
/home/users/thopri/PROMOTE/LatentTCN/inference.py:172: UserWarning: Glyph 9989 (\N{WHITE HEAVY CHECK MARK}) missing from font(s) DejaVu Sans.
  plt.savefig(f"results/bifurcation_inference_{ensemble}.png", dpi=150, bbox_inches='tight')
Plot saved to bifurcation_inference.png
Max probability seen  : 0.6035 at t=558
Mean probability      : 0.4681
% windows above 0.45  : 66.9%
% windows above 0.50  : 41.2%
% windows above thresh: 66.2%

----------------────────────────────────
INFERENCE COMPLETE. Total Triggers: 10
----------------────────────────────────
Detailed logs saved to 'detected_ocean_bifurcations_24.csv'.
============================================================
null alerts raised during training, skipping inference for ensemble 25
============================================================
Initializing model topology...
Trained model weights successfully loaded into memory.
Loading telemetry data from: ensembles/CANARI_SSP370_26_LON_-56.506_LAT_60.819.csv
Deploying model... (Threshold: 0.4434323310852051)
⚠️ Bifurcation Found! Window: [162:226] | Prob: 0.4466
⚠️ Bifurcation Found! Window: [300:364] | Prob: 0.4523
⚠️ Bifurcation Found! Window: [366:430] | Prob: 0.4887
⚠️ Bifurcation Found! Window: [432:496] | Prob: 0.4449
⚠️ Bifurcation Found! Window: [582:646] | Prob: 0.4501
⚠️ Bifurcation Found! Window: [648:712] | Prob: 0.4581
⚠️ Bifurcation Found! Window: [714:778] | Prob: 0.4695
⚠️ Bifurcation Found! Window: [780:844] | Prob: 0.4969
⚠️ Bifurcation Found! Window: [846:910] | Prob: 0.4472
⚠️ Bifurcation Found! Window: [912:976] | Prob: 0.4529
📊 Changepoint Analysis Complete
    Method          : Binary Segmentation (rbf)
    Breakpoint at   : timestep 290
    Confidence score: 0.078  (between/total variance ratio)
Plot saved to bifurcation_inference.png
Max probability seen  : 0.5027 at t=774
Mean probability      : 0.4468
% windows above 0.45  : 49.4%
% windows above 0.50  : 1.2%
% windows above thresh: 58.8%

----------------────────────────────────
INFERENCE COMPLETE. Total Triggers: 10
----------------────────────────────────
Detailed logs saved to 'detected_ocean_bifurcations_26.csv'.
============================================================
null alerts raised during training, skipping inference for ensemble 27
============================================================
Initializing model topology...
Trained model weights successfully loaded into memory.
Loading telemetry data from: ensembles/CANARI_SSP370_28_LON_-56.506_LAT_60.819.csv
Deploying model... (Threshold: 0.48108500242233276)
⚠️ Bifurcation Found! Window: [312:376] | Prob: 0.4812
⚠️ Bifurcation Found! Window: [432:496] | Prob: 0.4834
⚠️ Bifurcation Found! Window: [564:628] | Prob: 0.4816
⚠️ Bifurcation Found! Window: [630:694] | Prob: 0.5037
⚠️ Bifurcation Found! Window: [696:760] | Prob: 0.5021
⚠️ Bifurcation Found! Window: [762:826] | Prob: 0.5281
⚠️ Bifurcation Found! Window: [828:892] | Prob: 0.4911
⚠️ Bifurcation Found! Window: [894:958] | Prob: 0.5021
📊 Changepoint Analysis Complete
    Method          : Binary Segmentation (rbf)
    Breakpoint at   : timestep 570
    Confidence score: 0.096  (between/total variance ratio)
Plot saved to bifurcation_inference.png
Max probability seen  : 0.5392 at t=738
Mean probability      : 0.4755
% windows above 0.45  : 81.2%
% windows above 0.50  : 26.2%
% windows above thresh: 45.0%

----------------────────────────────────
INFERENCE COMPLETE. Total Triggers: 8
----------------────────────────────────
Detailed logs saved to 'detected_ocean_bifurcations_28.csv'.
============================================================
null alerts raised during training, skipping inference for ensemble 29
============================================================
Initializing model topology...
Trained model weights successfully loaded into memory.
Loading telemetry data from: ensembles/CANARI_SSP370_30_LON_-56.506_LAT_60.819.csv
Deploying model... (Threshold: 0.45832559466362)
⚠️ Bifurcation Found! Window: [252:316] | Prob: 0.4587
⚠️ Bifurcation Found! Window: [318:382] | Prob: 0.5137
⚠️ Bifurcation Found! Window: [384:448] | Prob: 0.4979
⚠️ Bifurcation Found! Window: [450:514] | Prob: 0.4915
⚠️ Bifurcation Found! Window: [516:580] | Prob: 0.4759
⚠️ Bifurcation Found! Window: [582:646] | Prob: 0.5024
⚠️ Bifurcation Found! Window: [648:712] | Prob: 0.5472
⚠️ Bifurcation Found! Window: [714:778] | Prob: 0.5749
⚠️ Bifurcation Found! Window: [780:844] | Prob: 0.5006
⚠️ Bifurcation Found! Window: [846:910] | Prob: 0.5124
⚠️ Bifurcation Found! Window: [912:976] | Prob: 0.5049
📊 Changepoint Analysis Complete
    Method          : Binary Segmentation (rbf)
    Breakpoint at   : timestep 665
    Confidence score: 0.079  (between/total variance ratio)
Plot saved to bifurcation_inference.png
Max probability seen  : 0.5758 at t=720
Mean probability      : 0.4674
% windows above 0.45  : 74.4%
% windows above 0.50  : 40.0%
% windows above thresh: 73.8%

----------------────────────────────────
INFERENCE COMPLETE. Total Triggers: 11
----------------────────────────────────
Detailed logs saved to 'detected_ocean_bifurcations_30.csv'.
============================================================
null alerts raised during training, skipping inference for ensemble 31
============================================================
Initializing model topology...
Trained model weights successfully loaded into memory.
Loading telemetry data from: ensembles/CANARI_SSP370_32_LON_-56.506_LAT_60.819.csv
Deploying model... (Threshold: 0.47192636132240295)
⚠️ Bifurcation Found! Window: [192:256] | Prob: 0.4809
⚠️ Bifurcation Found! Window: [258:322] | Prob: 0.4944
⚠️ Bifurcation Found! Window: [324:388] | Prob: 0.5349
⚠️ Bifurcation Found! Window: [390:454] | Prob: 0.5312
⚠️ Bifurcation Found! Window: [456:520] | Prob: 0.4742
⚠️ Bifurcation Found! Window: [522:586] | Prob: 0.5173
⚠️ Bifurcation Found! Window: [588:652] | Prob: 0.5305
⚠️ Bifurcation Found! Window: [654:718] | Prob: 0.5887
⚠️ Bifurcation Found! Window: [720:784] | Prob: 0.5220
⚠️ Bifurcation Found! Window: [786:850] | Prob: 0.5056
⚠️ Bifurcation Found! Window: [936:1000] | Prob: 0.4842
📊 Changepoint Analysis Complete
    Method          : Binary Segmentation (rbf)
    Breakpoint at   : timestep 355
    Confidence score: 0.086  (between/total variance ratio)
Plot saved to bifurcation_inference.png
Max probability seen  : 0.6322 at t=642
Mean probability      : 0.4964
% windows above 0.45  : 80.0%
% windows above 0.50  : 48.8%
% windows above thresh: 70.0%

----------------────────────────────────
INFERENCE COMPLETE. Total Triggers: 11
----------------────────────────────────
Detailed logs saved to 'detected_ocean_bifurcations_32.csv'.
============================================================
null alerts raised during training, skipping inference for ensemble 33
============================================================
============================================================
null alerts raised during training, skipping inference for ensemble 34
============================================================
============================================================
null alerts raised during training, skipping inference for ensemble 35
============================================================
Initializing model topology...
Trained model weights successfully loaded into memory.
Loading telemetry data from: ensembles/CANARI_SSP370_36_LON_-56.506_LAT_60.819.csv
Deploying model... (Threshold: 0.46430203318595886)
⚠️ Bifurcation Found! Window: [102:166] | Prob: 0.4649
⚠️ Bifurcation Found! Window: [222:286] | Prob: 0.4701
⚠️ Bifurcation Found! Window: [288:352] | Prob: 0.4876
⚠️ Bifurcation Found! Window: [378:442] | Prob: 0.4715
⚠️ Bifurcation Found! Window: [444:508] | Prob: 0.5031
⚠️ Bifurcation Found! Window: [540:604] | Prob: 0.4749
⚠️ Bifurcation Found! Window: [606:670] | Prob: 0.5100
⚠️ Bifurcation Found! Window: [672:736] | Prob: 0.4882
⚠️ Bifurcation Found! Window: [738:802] | Prob: 0.4697
⚠️ Bifurcation Found! Window: [804:868] | Prob: 0.4993
⚠️ Bifurcation Found! Window: [870:934] | Prob: 0.5916
⚠️ Bifurcation Found! Window: [936:1000] | Prob: 0.4954
📊 Changepoint Analysis Complete
    Method          : Binary Segmentation (rbf)
    Breakpoint at   : timestep 450
    Confidence score: 0.111  (between/total variance ratio)
Plot saved to bifurcation_inference.png
Max probability seen  : 0.6313 at t=876
Mean probability      : 0.4804
% windows above 0.45  : 76.2%
% windows above 0.50  : 28.1%
% windows above thresh: 66.9%

----------------────────────────────────
INFERENCE COMPLETE. Total Triggers: 12
----------------────────────────────────
Detailed logs saved to 'detected_ocean_bifurcations_36.csv'.
============================================================
null alerts raised during training, skipping inference for ensemble 37
============================================================
Initializing model topology...
Trained model weights successfully loaded into memory.
Loading telemetry data from: ensembles/CANARI_SSP370_38_LON_-56.506_LAT_60.819.csv
Deploying model... (Threshold: 0.4385414123535156)
⚠️ Bifurcation Found! Window: [330:394] | Prob: 0.4530
⚠️ Bifurcation Found! Window: [420:484] | Prob: 0.4395
⚠️ Bifurcation Found! Window: [486:550] | Prob: 0.4528
⚠️ Bifurcation Found! Window: [552:616] | Prob: 0.4717
⚠️ Bifurcation Found! Window: [618:682] | Prob: 0.4725
⚠️ Bifurcation Found! Window: [684:748] | Prob: 0.4628
⚠️ Bifurcation Found! Window: [750:814] | Prob: 0.4569
⚠️ Bifurcation Found! Window: [816:880] | Prob: 0.4696
⚠️ Bifurcation Found! Window: [882:946] | Prob: 0.4779
⚠️ Bifurcation Found! Window: [948:1012] | Prob: 0.4780
📊 Changepoint Analysis Complete
    Method          : Binary Segmentation (rbf)
    Breakpoint at   : timestep 690
    Confidence score: 0.086  (between/total variance ratio)
Plot saved to bifurcation_inference.png
Max probability seen  : 0.5187 at t=732
Mean probability      : 0.4505
% windows above 0.45  : 58.8%
% windows above 0.50  : 1.9%
% windows above thresh: 61.9%

----------------────────────────────────
INFERENCE COMPLETE. Total Triggers: 10
----------------────────────────────────
Detailed logs saved to 'detected_ocean_bifurcations_38.csv'.
Initializing model topology...
Trained model weights successfully loaded into memory.
Loading telemetry data from: ensembles/CANARI_SSP370_39_LON_-56.506_LAT_60.819.csv
Deploying model... (Threshold: 0.42371833324432373)
⚠️ Bifurcation Found! Window: [192:256] | Prob: 0.4263
⚠️ Bifurcation Found! Window: [258:322] | Prob: 0.4542
⚠️ Bifurcation Found! Window: [324:388] | Prob: 0.4387
⚠️ Bifurcation Found! Window: [390:454] | Prob: 0.4487
⚠️ Bifurcation Found! Window: [456:520] | Prob: 0.4430
⚠️ Bifurcation Found! Window: [522:586] | Prob: 0.4763
⚠️ Bifurcation Found! Window: [588:652] | Prob: 0.4461
⚠️ Bifurcation Found! Window: [654:718] | Prob: 0.4797
⚠️ Bifurcation Found! Window: [720:784] | Prob: 0.4779
⚠️ Bifurcation Found! Window: [786:850] | Prob: 0.4729
⚠️ Bifurcation Found! Window: [852:916] | Prob: 0.4890
⚠️ Bifurcation Found! Window: [918:982] | Prob: 0.4684
📊 Changepoint Analysis Complete
    Method          : Binary Segmentation (rbf)
    Breakpoint at   : timestep 615
    Confidence score: 0.098  (between/total variance ratio)
Plot saved to bifurcation_inference.png
Max probability seen  : 0.5211 at t=738
Mean probability      : 0.4492
% windows above 0.45  : 50.0%
% windows above 0.50  : 1.9%
% windows above thresh: 78.8%

----------------────────────────────────
INFERENCE COMPLETE. Total Triggers: 12
----------------────────────────────────
Detailed logs saved to 'detected_ocean_bifurcations_39.csv'.
Initializing model topology...
Trained model weights successfully loaded into memory.
Loading telemetry data from: ensembles/CANARI_SSP370_40_LON_-56.506_LAT_60.819.csv
Deploying model... (Threshold: 0.44549375772476196)
⚠️ Bifurcation Found! Window: [288:352] | Prob: 0.4514
⚠️ Bifurcation Found! Window: [462:526] | Prob: 0.4535
⚠️ Bifurcation Found! Window: [528:592] | Prob: 0.5506
⚠️ Bifurcation Found! Window: [594:658] | Prob: 0.5164
⚠️ Bifurcation Found! Window: [660:724] | Prob: 0.4905
⚠️ Bifurcation Found! Window: [726:790] | Prob: 0.5909
⚠️ Bifurcation Found! Window: [792:856] | Prob: 0.5433
⚠️ Bifurcation Found! Window: [858:922] | Prob: 0.5989
⚠️ Bifurcation Found! Window: [924:988] | Prob: 0.4688
📊 Changepoint Analysis Complete
    Method          : Binary Segmentation (rbf)
    Breakpoint at   : timestep 510
    Confidence score: 0.086  (between/total variance ratio)
Plot saved to bifurcation_inference.png
Max probability seen  : 0.6580 at t=756
Mean probability      : 0.4312
% windows above 0.45  : 53.1%
% windows above 0.50  : 40.0%
% windows above thresh: 53.1%

----------------────────────────────────
INFERENCE COMPLETE. Total Triggers: 9
----------------────────────────────────
Detailed logs saved to 'detected_ocean_bifurcations_40.csv'.
