/home/users/thopri/PROMOTE/LatentTCN/inference.py:183: RuntimeWarning: More than 20 figures have been opened. Figures created through the pyplot interface (`matplotlib.pyplot.figure`) are retained until explicitly closed and may consume too much memory. (To control this warning, see the rcParam `figure.max_open_warning`). Consider using `matplotlib.pyplot.close()`.
  fig, axes = plt.subplots(n_channels, 1, figsize=(14, 2.5 * n_channels), sharex=True)
/home/users/thopri/PROMOTE/LatentTCN/inference.py:236: UserWarning: Glyph 9989 (\N{WHITE HEAVY CHECK MARK}) missing from font(s) DejaVu Sans.
  plt.tight_layout()
/home/users/thopri/PROMOTE/LatentTCN/inference.py:237: UserWarning: Glyph 9989 (\N{WHITE HEAVY CHECK MARK}) missing from font(s) DejaVu Sans.
  plt.savefig(f"results/bifurcation_inference_{ensemble}.png", dpi=150, bbox_inches='tight')
/home/users/thopri/PROMOTE/LatentTCN/inference.py:236: UserWarning: Glyph 9989 (\N{WHITE HEAVY CHECK MARK}) missing from font(s) DejaVu Sans.
  plt.tight_layout()
/home/users/thopri/PROMOTE/LatentTCN/inference.py:237: UserWarning: Glyph 9989 (\N{WHITE HEAVY CHECK MARK}) missing from font(s) DejaVu Sans.
  plt.savefig(f"results/bifurcation_inference_{ensemble}.png", dpi=150, bbox_inches='tight')
/home/users/thopri/PROMOTE/LatentTCN/inference.py:236: UserWarning: Glyph 9989 (\N{WHITE HEAVY CHECK MARK}) missing from font(s) DejaVu Sans.
  plt.tight_layout()
/home/users/thopri/PROMOTE/LatentTCN/inference.py:237: UserWarning: Glyph 9989 (\N{WHITE HEAVY CHECK MARK}) missing from font(s) DejaVu Sans.
  plt.savefig(f"results/bifurcation_inference_{ensemble}.png", dpi=150, bbox_inches='tight')
/home/users/thopri/PROMOTE/LatentTCN/inference.py:236: UserWarning: Glyph 9989 (\N{WHITE HEAVY CHECK MARK}) missing from font(s) DejaVu Sans.
  plt.tight_layout()
/home/users/thopri/PROMOTE/LatentTCN/inference.py:237: UserWarning: Glyph 9989 (\N{WHITE HEAVY CHECK MARK}) missing from font(s) DejaVu Sans.
  plt.savefig(f"results/bifurcation_inference_{ensemble}.png", dpi=150, bbox_inches='tight')
Initializing model topology...
Trained model weights successfully loaded into memory.
Loading telemetry data from: ensembles/CANARI_SSP370_1_LON_-56.506_LAT_60.819.csv
Deploying model... (Threshold: 0.45707380771636963)
⚠️ Bifurcation Found! Window: [300:428] | Prob: 0.4595
⚠️ Bifurcation Found! Window: [432:560] | Prob: 0.4602
⚠️ Bifurcation Found! Window: [564:692] | Prob: 0.4907
⚠️ Bifurcation Found! Window: [696:824] | Prob: 0.4635
⚠️ Bifurcation Found! Window: [828:956] | Prob: 0.4760
📊 Changepoint Analysis Complete
    Method          : Binary Segmentation (rbf)
    Breakpoint at   : timestep 555
    Confidence score: 0.076  (between/total variance ratio)
Plot saved to bifurcation_inference.png
Max probability seen  : 0.4950 at t=546
Mean probability      : 0.4584
% windows above 0.45  : 69.1%
% windows above 0.50  : 0.0%
% windows above thresh: 65.8%

----------------────────────────────────
INFERENCE COMPLETE. Total Triggers: 5
----------------────────────────────────
Detailed logs saved to 'detected_ocean_bifurcations_1.csv'.
Initializing model topology...
Trained model weights successfully loaded into memory.
Loading telemetry data from: ensembles/CANARI_SSP370_2_LON_-56.506_LAT_60.819.csv
Deploying model... (Threshold: 0.44548848271369934)
⚠️ Bifurcation Found! Window: [354:482] | Prob: 0.4511
⚠️ Bifurcation Found! Window: [486:614] | Prob: 0.4627
⚠️ Bifurcation Found! Window: [618:746] | Prob: 0.4509
⚠️ Bifurcation Found! Window: [750:878] | Prob: 0.4990
⚠️ Bifurcation Found! Window: [882:1010] | Prob: 0.4805
📊 Changepoint Analysis Complete
    Method          : Binary Segmentation (rbf)
    Breakpoint at   : timestep 510
    Confidence score: 0.066  (between/total variance ratio)
Plot saved to bifurcation_inference.png
Max probability seen  : 0.5115 at t=762
Mean probability      : 0.4445
% windows above 0.45  : 57.0%
% windows above 0.50  : 4.0%
% windows above thresh: 60.4%

----------------────────────────────────
INFERENCE COMPLETE. Total Triggers: 5
----------------────────────────────────
Detailed logs saved to 'detected_ocean_bifurcations_2.csv'.
null alerts raised during training, skipping inference for ensemble 3
Initializing model topology...
Trained model weights successfully loaded into memory.
Loading telemetry data from: ensembles/CANARI_SSP370_4_LON_-56.506_LAT_60.819.csv
Deploying model... (Threshold: 0.4572508633136749)
⚠️ Bifurcation Found! Window: [672:800] | Prob: 0.4578
⚠️ Bifurcation Found! Window: [804:932] | Prob: 0.4740
📊 Changepoint Analysis Complete
    Method          : Binary Segmentation (rbf)
    Breakpoint at   : timestep 485
    Confidence score: 0.060  (between/total variance ratio)
Plot saved to bifurcation_inference.png
Max probability seen  : 0.5086 at t=888
Mean probability      : 0.4463
% windows above 0.45  : 45.0%
% windows above 0.50  : 1.3%
% windows above thresh: 24.2%

----------------────────────────────────
INFERENCE COMPLETE. Total Triggers: 2
----------------────────────────────────
Detailed logs saved to 'detected_ocean_bifurcations_4.csv'.
null alerts raised during training, skipping inference for ensemble 5
'ensemble_6'
null alerts raised during training, skipping inference for ensemble 7
Initializing model topology...
Trained model weights successfully loaded into memory.
Loading telemetry data from: ensembles/CANARI_SSP370_8_LON_-56.506_LAT_60.819.csv
Deploying model... (Threshold: 0.44056397676467896)
⚠️ Bifurcation Found! Window: [342:470] | Prob: 0.4454
⚠️ Bifurcation Found! Window: [474:602] | Prob: 0.4676
⚠️ Bifurcation Found! Window: [606:734] | Prob: 0.4781
⚠️ Bifurcation Found! Window: [738:866] | Prob: 0.4660
⚠️ Bifurcation Found! Window: [870:998] | Prob: 0.4875
📊 Changepoint Analysis Complete
    Method          : Binary Segmentation (rbf)
    Breakpoint at   : timestep 355
    Confidence score: 0.059  (between/total variance ratio)
Plot saved to bifurcation_inference.png
Max probability seen  : 0.4920 at t=810
Mean probability      : 0.4487
% windows above 0.45  : 61.1%
% windows above 0.50  : 0.0%
% windows above thresh: 61.7%

----------------────────────────────────
INFERENCE COMPLETE. Total Triggers: 5
----------------────────────────────────
Detailed logs saved to 'detected_ocean_bifurcations_8.csv'.
Initializing model topology...
Trained model weights successfully loaded into memory.
Loading telemetry data from: ensembles/CANARI_SSP370_9_LON_-56.506_LAT_60.819.csv
Deploying model... (Threshold: 0.47459420561790466)
⚠️ Bifurcation Found! Window: [204:332] | Prob: 0.4747
⚠️ Bifurcation Found! Window: [336:464] | Prob: 0.4781
⚠️ Bifurcation Found! Window: [468:596] | Prob: 0.5109
⚠️ Bifurcation Found! Window: [600:728] | Prob: 0.5114
⚠️ Bifurcation Found! Window: [732:860] | Prob: 0.5271
⚠️ Bifurcation Found! Window: [864:992] | Prob: 0.4967
📊 Changepoint Analysis Complete
    Method          : Binary Segmentation (rbf)
    Breakpoint at   : timestep 535
    Confidence score: 0.093  (between/total variance ratio)
Plot saved to bifurcation_inference.png
Max probability seen  : 0.5408 at t=546
Mean probability      : 0.4921
% windows above 0.45  : 94.6%
% windows above 0.50  : 43.6%
% windows above thresh: 75.8%

----------------────────────────────────
INFERENCE COMPLETE. Total Triggers: 6
----------------────────────────────────
Detailed logs saved to 'detected_ocean_bifurcations_9.csv'.
Initializing model topology...
Trained model weights successfully loaded into memory.
Loading telemetry data from: ensembles/CANARI_SSP370_10_LON_-56.506_LAT_60.819.csv
Deploying model... (Threshold: 0.41639232635498047)
⚠️ Bifurcation Found! Window: [216:344] | Prob: 0.4204
⚠️ Bifurcation Found! Window: [348:476] | Prob: 0.4583
⚠️ Bifurcation Found! Window: [480:608] | Prob: 0.4636
⚠️ Bifurcation Found! Window: [612:740] | Prob: 0.4784
⚠️ Bifurcation Found! Window: [744:872] | Prob: 0.4745
⚠️ Bifurcation Found! Window: [876:1004] | Prob: 0.5370
📊 Changepoint Analysis Complete
    Method          : Binary Segmentation (rbf)
    Breakpoint at   : timestep 640
    Confidence score: 0.103  (between/total variance ratio)
Plot saved to bifurcation_inference.png
Max probability seen  : 0.5388 at t=882
Mean probability      : 0.4530
% windows above 0.45  : 71.8%
% windows above 0.50  : 6.7%
% windows above thresh: 75.8%

----------------────────────────────────
INFERENCE COMPLETE. Total Triggers: 6
----------------────────────────────────
Detailed logs saved to 'detected_ocean_bifurcations_10.csv'.
Initializing model topology...
Trained model weights successfully loaded into memory.
Loading telemetry data from: ensembles/CANARI_SSP370_11_LON_-56.506_LAT_60.819.csv
Deploying model... (Threshold: 0.4542399048805237)
⚠️ Bifurcation Found! Window: [276:404] | Prob: 0.4556
⚠️ Bifurcation Found! Window: [408:536] | Prob: 0.4649
⚠️ Bifurcation Found! Window: [540:668] | Prob: 0.4755
⚠️ Bifurcation Found! Window: [672:800] | Prob: 0.5077
⚠️ Bifurcation Found! Window: [804:932] | Prob: 0.5036
📊 Changepoint Analysis Complete
    Method          : Binary Segmentation (rbf)
    Breakpoint at   : timestep 565
    Confidence score: 0.107  (between/total variance ratio)
Plot saved to bifurcation_inference.png
Max probability seen  : 0.5343 at t=744
Mean probability      : 0.4648
% windows above 0.45  : 70.5%
% windows above 0.50  : 23.5%
% windows above thresh: 69.1%

----------------────────────────────────
INFERENCE COMPLETE. Total Triggers: 5
----------------────────────────────────
Detailed logs saved to 'detected_ocean_bifurcations_11.csv'.
Initializing model topology...
Trained model weights successfully loaded into memory.
Loading telemetry data from: ensembles/CANARI_SSP370_12_LON_-56.506_LAT_60.819.csv
Deploying model... (Threshold: 0.44511711597442627)
⚠️ Bifurcation Found! Window: [240:368] | Prob: 0.4470
⚠️ Bifurcation Found! Window: [372:500] | Prob: 0.4556
⚠️ Bifurcation Found! Window: [504:632] | Prob: 0.4676
⚠️ Bifurcation Found! Window: [636:764] | Prob: 0.4688
⚠️ Bifurcation Found! Window: [768:896] | Prob: 0.4860
📊 Changepoint Analysis Complete
    Method          : Binary Segmentation (rbf)
    Breakpoint at   : timestep 545
    Confidence score: 0.098  (between/total variance ratio)
Plot saved to bifurcation_inference.png
Max probability seen  : 0.4928 at t=726
Mean probability      : 0.4541
% windows above 0.45  : 66.4%
% windows above 0.50  : 0.0%
% windows above thresh: 71.8%

----------------────────────────────────
INFERENCE COMPLETE. Total Triggers: 5
----------------────────────────────────
Detailed logs saved to 'detected_ocean_bifurcations_12.csv'.
Initializing model topology...
Trained model weights successfully loaded into memory.
Loading telemetry data from: ensembles/CANARI_SSP370_13_LON_-56.506_LAT_60.819.csv
Deploying model... (Threshold: 0.4392482340335846)
⚠️ Bifurcation Found! Window: [246:374] | Prob: 0.4419
⚠️ Bifurcation Found! Window: [378:506] | Prob: 0.4676
⚠️ Bifurcation Found! Window: [510:638] | Prob: 0.4687
⚠️ Bifurcation Found! Window: [642:770] | Prob: 0.4881
⚠️ Bifurcation Found! Window: [774:902] | Prob: 0.4767
📊 Changepoint Analysis Complete
    Method          : Binary Segmentation (rbf)
    Breakpoint at   : timestep 605
    Confidence score: 0.099  (between/total variance ratio)
Plot saved to bifurcation_inference.png
Max probability seen  : 0.5168 at t=726
Mean probability      : 0.4582
% windows above 0.45  : 64.4%
% windows above 0.50  : 6.0%
% windows above thresh: 71.1%

----------------────────────────────────
INFERENCE COMPLETE. Total Triggers: 5
----------------────────────────────────
Detailed logs saved to 'detected_ocean_bifurcations_13.csv'.
Initializing model topology...
Trained model weights successfully loaded into memory.
Loading telemetry data from: ensembles/CANARI_SSP370_14_LON_-56.506_LAT_60.819.csv
Deploying model... (Threshold: 0.45481595396995544)
⚠️ Bifurcation Found! Window: [306:434] | Prob: 0.4562
⚠️ Bifurcation Found! Window: [438:566] | Prob: 0.5141
⚠️ Bifurcation Found! Window: [570:698] | Prob: 0.4954
⚠️ Bifurcation Found! Window: [702:830] | Prob: 0.5274
⚠️ Bifurcation Found! Window: [834:962] | Prob: 0.5046
📊 Changepoint Analysis Complete
    Method          : Binary Segmentation (rbf)
    Breakpoint at   : timestep 740
    Confidence score: 0.131  (between/total variance ratio)
Plot saved to bifurcation_inference.png
Max probability seen  : 0.5525 at t=744
Mean probability      : 0.4641
% windows above 0.45  : 67.8%
% windows above 0.50  : 40.3%
% windows above thresh: 65.8%

----------------────────────────────────
INFERENCE COMPLETE. Total Triggers: 5
----------------────────────────────────
Detailed logs saved to 'detected_ocean_bifurcations_14.csv'.
Initializing model topology...
Trained model weights successfully loaded into memory.
Loading telemetry data from: ensembles/CANARI_SSP370_15_LON_-56.506_LAT_60.819.csv
Deploying model... (Threshold: 0.4476993978023529)
⚠️ Bifurcation Found! Window: [210:338] | Prob: 0.4481
⚠️ Bifurcation Found! Window: [402:530] | Prob: 0.4538
⚠️ Bifurcation Found! Window: [534:662] | Prob: 0.4820
⚠️ Bifurcation Found! Window: [666:794] | Prob: 0.4701
⚠️ Bifurcation Found! Window: [798:926] | Prob: 0.4639
📊 Changepoint Analysis Complete
    Method          : Binary Segmentation (rbf)
    Breakpoint at   : timestep 500
    Confidence score: 0.085  (between/total variance ratio)
Plot saved to bifurcation_inference.png
Max probability seen  : 0.4909 at t=516
Mean probability      : 0.4521
% windows above 0.45  : 56.4%
% windows above 0.50  : 0.0%
% windows above thresh: 57.7%

----------------────────────────────────
INFERENCE COMPLETE. Total Triggers: 5
----------------────────────────────────
Detailed logs saved to 'detected_ocean_bifurcations_15.csv'.
null alerts raised during training, skipping inference for ensemble 16
Initializing model topology...
Trained model weights successfully loaded into memory.
Loading telemetry data from: ensembles/CANARI_SSP370_17_LON_-56.506_LAT_60.819.csv
Deploying model... (Threshold: 0.4590648114681244)
⚠️ Bifurcation Found! Window: [246:374] | Prob: 0.4600
⚠️ Bifurcation Found! Window: [378:506] | Prob: 0.4771
⚠️ Bifurcation Found! Window: [510:638] | Prob: 0.4954
⚠️ Bifurcation Found! Window: [642:770] | Prob: 0.5107
⚠️ Bifurcation Found! Window: [774:902] | Prob: 0.5113
📊 Changepoint Analysis Complete
    Method          : Binary Segmentation (rbf)
    Breakpoint at   : timestep 510
    Confidence score: 0.075  (between/total variance ratio)
Plot saved to bifurcation_inference.png
Max probability seen  : 0.5216 at t=888
Mean probability      : 0.4791
% windows above 0.45  : 79.2%
% windows above 0.50  : 38.9%
% windows above thresh: 72.5%

----------------────────────────────────
INFERENCE COMPLETE. Total Triggers: 5
----------------────────────────────────
Detailed logs saved to 'detected_ocean_bifurcations_17.csv'.
null alerts raised during training, skipping inference for ensemble 18
null alerts raised during training, skipping inference for ensemble 19
Initializing model topology...
Trained model weights successfully loaded into memory.
Loading telemetry data from: ensembles/CANARI_SSP370_20_LON_-56.506_LAT_60.819.csv
Deploying model... (Threshold: 0.4565485119819641)
⚠️ Bifurcation Found! Window: [252:380] | Prob: 0.4654
⚠️ Bifurcation Found! Window: [390:518] | Prob: 0.4588
⚠️ Bifurcation Found! Window: [522:650] | Prob: 0.4767
⚠️ Bifurcation Found! Window: [654:782] | Prob: 0.5009
⚠️ Bifurcation Found! Window: [786:914] | Prob: 0.4641
📊 Changepoint Analysis Complete
    Method          : Binary Segmentation (rbf)
    Breakpoint at   : timestep 505
    Confidence score: 0.072  (between/total variance ratio)
Plot saved to bifurcation_inference.png
Max probability seen  : 0.5217 at t=588
Mean probability      : 0.4256
% windows above 0.45  : 73.2%
% windows above 0.50  : 14.1%
% windows above thresh: 64.4%

----------------────────────────────────
INFERENCE COMPLETE. Total Triggers: 5
----------------────────────────────────
Detailed logs saved to 'detected_ocean_bifurcations_20.csv'.
Initializing model topology...
Trained model weights successfully loaded into memory.
Loading telemetry data from: ensembles/CANARI_SSP370_21_LON_-56.506_LAT_60.819.csv
Deploying model... (Threshold: 0.43970736861228943)
⚠️ Bifurcation Found! Window: [132:260] | Prob: 0.4425
⚠️ Bifurcation Found! Window: [264:392] | Prob: 0.4474
⚠️ Bifurcation Found! Window: [396:524] | Prob: 0.4883
⚠️ Bifurcation Found! Window: [528:656] | Prob: 0.4766
⚠️ Bifurcation Found! Window: [660:788] | Prob: 0.5003
⚠️ Bifurcation Found! Window: [792:920] | Prob: 0.4728
📊 Changepoint Analysis Complete
    Method          : Binary Segmentation (rbf)
    Breakpoint at   : timestep 390
    Confidence score: 0.071  (between/total variance ratio)
Plot saved to bifurcation_inference.png
Max probability seen  : 0.5090 at t=702
Mean probability      : 0.4649
% windows above 0.45  : 67.1%
% windows above 0.50  : 8.7%
% windows above thresh: 80.5%

----------------────────────────────────
INFERENCE COMPLETE. Total Triggers: 6
----------------────────────────────────
Detailed logs saved to 'detected_ocean_bifurcations_21.csv'.
Initializing model topology...
Trained model weights successfully loaded into memory.
Loading telemetry data from: ensembles/CANARI_SSP370_22_LON_-56.506_LAT_60.819.csv
Deploying model... (Threshold: 0.4266059994697571)
⚠️ Bifurcation Found! Window: [306:434] | Prob: 0.4270
⚠️ Bifurcation Found! Window: [438:566] | Prob: 0.4578
⚠️ Bifurcation Found! Window: [570:698] | Prob: 0.4707
⚠️ Bifurcation Found! Window: [702:830] | Prob: 0.4593
⚠️ Bifurcation Found! Window: [834:962] | Prob: 0.4793
📊 Changepoint Analysis Complete
    Method          : Binary Segmentation (rbf)
    Breakpoint at   : timestep 365
    Confidence score: 0.045  (between/total variance ratio)
Plot saved to bifurcation_inference.png
Max probability seen  : 0.4821 at t=828
Mean probability      : 0.4419
% windows above 0.45  : 61.1%
% windows above 0.50  : 0.0%
% windows above thresh: 65.8%

----------------────────────────────────
INFERENCE COMPLETE. Total Triggers: 5
----------------────────────────────────
Detailed logs saved to 'detected_ocean_bifurcations_22.csv'.
Initializing model topology...
Trained model weights successfully loaded into memory.
Loading telemetry data from: ensembles/CANARI_SSP370_23_LON_-56.506_LAT_60.819.csv
Deploying model... (Threshold: 0.4384877681732178)
⚠️ Bifurcation Found! Window: [180:308] | Prob: 0.4421
⚠️ Bifurcation Found! Window: [366:494] | Prob: 0.4394
⚠️ Bifurcation Found! Window: [498:626] | Prob: 0.4422
⚠️ Bifurcation Found! Window: [630:758] | Prob: 0.4886
⚠️ Bifurcation Found! Window: [762:890] | Prob: 0.4683
📊 Changepoint Analysis Complete
    Method          : Binary Segmentation (rbf)
    Breakpoint at   : timestep 555
    Confidence score: 0.055  (between/total variance ratio)
Plot saved to bifurcation_inference.png
Max probability seen  : 0.4966 at t=828
Mean probability      : 0.4499
% windows above 0.45  : 42.3%
% windows above 0.50  : 0.0%
% windows above thresh: 68.5%

----------------────────────────────────
INFERENCE COMPLETE. Total Triggers: 5
----------------────────────────────────
Detailed logs saved to 'detected_ocean_bifurcations_23.csv'.
Initializing model topology...
Trained model weights successfully loaded into memory.
Loading telemetry data from: ensembles/CANARI_SSP370_24_LON_-56.506_LAT_60.819.csv
Deploying model... (Threshold: 0.4375815987586975)
⚠️ Bifurcation Found! Window: [276:404] | Prob: 0.4390
⚠️ Bifurcation Found! Window: [408:536] | Prob: 0.4856
⚠️ Bifurcation Found! Window: [540:668] | Prob: 0.5066
⚠️ Bifurcation Found! Window: [672:800] | Prob: 0.4996
⚠️ Bifurcation Found! Window: [804:932] | Prob: 0.4563
📊 Changepoint Analysis Complete
    Method          : Binary Segmentation (rbf)
    Breakpoint at   : timestep 370
    Confidence score: 0.080  (between/total variance ratio)
Plot saved to bifurcation_inference.png
Max probability seen  : 0.5281 at t=492
Mean probability      : 0.4620
% windows above 0.45  : 66.4%
% windows above 0.50  : 26.8%
% windows above thresh: 69.1%

----------------────────────────────────
INFERENCE COMPLETE. Total Triggers: 5
----------------────────────────────────
Detailed logs saved to 'detected_ocean_bifurcations_24.csv'.
null alerts raised during training, skipping inference for ensemble 25
Initializing model topology...
Trained model weights successfully loaded into memory.
Loading telemetry data from: ensembles/CANARI_SSP370_26_LON_-56.506_LAT_60.819.csv
Deploying model... (Threshold: 0.43904536962509155)
⚠️ Bifurcation Found! Window: [186:314] | Prob: 0.4404
⚠️ Bifurcation Found! Window: [318:446] | Prob: 0.4637
⚠️ Bifurcation Found! Window: [450:578] | Prob: 0.4508
⚠️ Bifurcation Found! Window: [582:710] | Prob: 0.4626
⚠️ Bifurcation Found! Window: [714:842] | Prob: 0.4684
⚠️ Bifurcation Found! Window: [846:974] | Prob: 0.4567
📊 Changepoint Analysis Complete
    Method          : Binary Segmentation (rbf)
    Breakpoint at   : timestep 290
    Confidence score: 0.069  (between/total variance ratio)
Plot saved to bifurcation_inference.png
Max probability seen  : 0.4733 at t=750
Mean probability      : 0.4516
% windows above 0.45  : 69.8%
% windows above 0.50  : 0.0%
% windows above thresh: 77.9%

----------------────────────────────────
INFERENCE COMPLETE. Total Triggers: 6
----------------────────────────────────
Detailed logs saved to 'detected_ocean_bifurcations_26.csv'.
Initializing model topology...
Trained model weights successfully loaded into memory.
Loading telemetry data from: ensembles/CANARI_SSP370_27_LON_-56.506_LAT_60.819.csv
Deploying model... (Threshold: 0.45262593030929565)
⚠️ Bifurcation Found! Window: [204:332] | Prob: 0.4540
⚠️ Bifurcation Found! Window: [390:518] | Prob: 0.4545
⚠️ Bifurcation Found! Window: [522:650] | Prob: 0.4527
⚠️ Bifurcation Found! Window: [654:782] | Prob: 0.4606
⚠️ Bifurcation Found! Window: [786:914] | Prob: 0.4658
📊 Changepoint Analysis Complete
    Method          : Binary Segmentation (rbf)
    Breakpoint at   : timestep 635
    Confidence score: 0.101  (between/total variance ratio)
Plot saved to bifurcation_inference.png
Max probability seen  : 0.4764 at t=582
Mean probability      : 0.4521
% windows above 0.45  : 64.4%
% windows above 0.50  : 0.0%
% windows above thresh: 57.0%

----------------────────────────────────
INFERENCE COMPLETE. Total Triggers: 5
----------------────────────────────────
Detailed logs saved to 'detected_ocean_bifurcations_27.csv'.
Initializing model topology...
Trained model weights successfully loaded into memory.
Loading telemetry data from: ensembles/CANARI_SSP370_28_LON_-56.506_LAT_60.819.csv
Deploying model... (Threshold: 0.4608731269836426)
⚠️ Bifurcation Found! Window: [138:266] | Prob: 0.4620
⚠️ Bifurcation Found! Window: [270:398] | Prob: 0.4662
⚠️ Bifurcation Found! Window: [402:530] | Prob: 0.4843
⚠️ Bifurcation Found! Window: [534:662] | Prob: 0.5018
⚠️ Bifurcation Found! Window: [666:794] | Prob: 0.5213
⚠️ Bifurcation Found! Window: [798:926] | Prob: 0.5083
📊 Changepoint Analysis Complete
    Method          : Binary Segmentation (rbf)
    Breakpoint at   : timestep 570
    Confidence score: 0.084  (between/total variance ratio)
Plot saved to bifurcation_inference.png
Max probability seen  : 0.5340 at t=690
Mean probability      : 0.4808
% windows above 0.45  : 85.2%
% windows above 0.50  : 37.6%
% windows above thresh: 81.9%

----------------────────────────────────
INFERENCE COMPLETE. Total Triggers: 6
----------------────────────────────────
Detailed logs saved to 'detected_ocean_bifurcations_28.csv'.
Initializing model topology...
Trained model weights successfully loaded into memory.
Loading telemetry data from: ensembles/CANARI_SSP370_29_LON_-56.506_LAT_60.819.csv
Deploying model... (Threshold: 0.4617398679256439)
⚠️ Bifurcation Found! Window: [210:338] | Prob: 0.4648
⚠️ Bifurcation Found! Window: [342:470] | Prob: 0.4693
⚠️ Bifurcation Found! Window: [474:602] | Prob: 0.4819
⚠️ Bifurcation Found! Window: [606:734] | Prob: 0.4857
⚠️ Bifurcation Found! Window: [738:866] | Prob: 0.4737
⚠️ Bifurcation Found! Window: [870:998] | Prob: 0.4883
📊 Changepoint Analysis Complete
    Method          : Binary Segmentation (rbf)
    Breakpoint at   : timestep 440
    Confidence score: 0.056  (between/total variance ratio)
Plot saved to bifurcation_inference.png
Max probability seen  : 0.4969 at t=444
Mean probability      : 0.4683
% windows above 0.45  : 81.2%
% windows above 0.50  : 0.0%
% windows above thresh: 65.8%

----------------────────────────────────
INFERENCE COMPLETE. Total Triggers: 6
----------------────────────────────────
Detailed logs saved to 'detected_ocean_bifurcations_29.csv'.
null alerts raised during training, skipping inference for ensemble 30
Initializing model topology...
Trained model weights successfully loaded into memory.
Loading telemetry data from: ensembles/CANARI_SSP370_31_LON_-56.506_LAT_60.819.csv
Deploying model... (Threshold: 0.4295440912246704)
⚠️ Bifurcation Found! Window: [132:260] | Prob: 0.4403
⚠️ Bifurcation Found! Window: [264:392] | Prob: 0.4551
⚠️ Bifurcation Found! Window: [396:524] | Prob: 0.4684
⚠️ Bifurcation Found! Window: [528:656] | Prob: 0.4736
⚠️ Bifurcation Found! Window: [660:788] | Prob: 0.5108
⚠️ Bifurcation Found! Window: [792:920] | Prob: 0.4942
📊 Changepoint Analysis Complete
    Method          : Binary Segmentation (rbf)
    Breakpoint at   : timestep 555
    Confidence score: 0.068  (between/total variance ratio)
Plot saved to bifurcation_inference.png
Max probability seen  : 0.5188 at t=648
Mean probability      : 0.4699
% windows above 0.45  : 81.2%
% windows above 0.50  : 18.1%
% windows above thresh: 87.9%

----------------────────────────────────
INFERENCE COMPLETE. Total Triggers: 6
----------------────────────────────────
Detailed logs saved to 'detected_ocean_bifurcations_31.csv'.
Initializing model topology...
Trained model weights successfully loaded into memory.
Loading telemetry data from: ensembles/CANARI_SSP370_32_LON_-56.506_LAT_60.819.csv
Deploying model... (Threshold: 0.46954619884490967)
⚠️ Bifurcation Found! Window: [210:338] | Prob: 0.4725
⚠️ Bifurcation Found! Window: [342:470] | Prob: 0.5103
⚠️ Bifurcation Found! Window: [474:602] | Prob: 0.5031
⚠️ Bifurcation Found! Window: [606:734] | Prob: 0.5564
⚠️ Bifurcation Found! Window: [738:866] | Prob: 0.5008
⚠️ Bifurcation Found! Window: [870:998] | Prob: 0.5099
📊 Changepoint Analysis Complete
    Method          : Binary Segmentation (rbf)
    Breakpoint at   : timestep 555
    Confidence score: 0.089  (between/total variance ratio)
Plot saved to bifurcation_inference.png
Max probability seen  : 0.5616 at t=636
Mean probability      : 0.4801
% windows above 0.45  : 77.2%
% windows above 0.50  : 63.1%
% windows above thresh: 76.5%

----------------────────────────────────
INFERENCE COMPLETE. Total Triggers: 6
----------------────────────────────────
Detailed logs saved to 'detected_ocean_bifurcations_32.csv'.
null alerts raised during training, skipping inference for ensemble 33
null alerts raised during training, skipping inference for ensemble 34
null alerts raised during training, skipping inference for ensemble 35
Initializing model topology...
Trained model weights successfully loaded into memory.
Loading telemetry data from: ensembles/CANARI_SSP370_36_LON_-56.506_LAT_60.819.csv
Deploying model... (Threshold: 0.42751815915107727)
⚠️ Bifurcation Found! Window: [192:320] | Prob: 0.4321
⚠️ Bifurcation Found! Window: [324:452] | Prob: 0.4679
⚠️ Bifurcation Found! Window: [456:584] | Prob: 0.4936
⚠️ Bifurcation Found! Window: [588:716] | Prob: 0.5352
⚠️ Bifurcation Found! Window: [720:848] | Prob: 0.5078
⚠️ Bifurcation Found! Window: [852:980] | Prob: 0.4951
📊 Changepoint Analysis Complete
    Method          : Binary Segmentation (rbf)
    Breakpoint at   : timestep 450
    Confidence score: 0.100  (between/total variance ratio)
Plot saved to bifurcation_inference.png
Max probability seen  : 0.5448 at t=798
Mean probability      : 0.4707
% windows above 0.45  : 72.5%
% windows above 0.50  : 32.9%
% windows above thresh: 78.5%

----------------────────────────────────
INFERENCE COMPLETE. Total Triggers: 6
----------------────────────────────────
Detailed logs saved to 'detected_ocean_bifurcations_36.csv'.
null alerts raised during training, skipping inference for ensemble 37
Initializing model topology...
Trained model weights successfully loaded into memory.
Loading telemetry data from: ensembles/CANARI_SSP370_38_LON_-56.506_LAT_60.819.csv
Deploying model... (Threshold: 0.4549967646598816)
⚠️ Bifurcation Found! Window: [354:482] | Prob: 0.4585
⚠️ Bifurcation Found! Window: [486:614] | Prob: 0.4945
⚠️ Bifurcation Found! Window: [618:746] | Prob: 0.5046
⚠️ Bifurcation Found! Window: [750:878] | Prob: 0.4983
⚠️ Bifurcation Found! Window: [882:1010] | Prob: 0.4863
📊 Changepoint Analysis Complete
    Method          : Binary Segmentation (rbf)
    Breakpoint at   : timestep 695
    Confidence score: 0.079  (between/total variance ratio)
Plot saved to bifurcation_inference.png
Max probability seen  : 0.5234 at t=738
Mean probability      : 0.4453
% windows above 0.45  : 60.4%
% windows above 0.50  : 23.5%
% windows above thresh: 60.4%

----------------────────────────────────
INFERENCE COMPLETE. Total Triggers: 5
----------------────────────────────────
Detailed logs saved to 'detected_ocean_bifurcations_38.csv'.
Initializing model topology...
Trained model weights successfully loaded into memory.
Loading telemetry data from: ensembles/CANARI_SSP370_39_LON_-56.506_LAT_60.819.csv
Deploying model... (Threshold: 0.42463791370391846)
⚠️ Bifurcation Found! Window: [168:296] | Prob: 0.4254
⚠️ Bifurcation Found! Window: [300:428] | Prob: 0.4339
⚠️ Bifurcation Found! Window: [432:560] | Prob: 0.4671
⚠️ Bifurcation Found! Window: [564:692] | Prob: 0.4305
⚠️ Bifurcation Found! Window: [696:824] | Prob: 0.4775
⚠️ Bifurcation Found! Window: [828:956] | Prob: 0.4820
📊 Changepoint Analysis Complete
    Method          : Binary Segmentation (rbf)
    Breakpoint at   : timestep 615
    Confidence score: 0.089  (between/total variance ratio)
Plot saved to bifurcation_inference.png
Max probability seen  : 0.4977 at t=738
Mean probability      : 0.4379
% windows above 0.45  : 43.6%
% windows above 0.50  : 0.0%
% windows above thresh: 81.2%

----------------────────────────────────
INFERENCE COMPLETE. Total Triggers: 6
----------------────────────────────────
Detailed logs saved to 'detected_ocean_bifurcations_39.csv'.
Initializing model topology...
Trained model weights successfully loaded into memory.
Loading telemetry data from: ensembles/CANARI_SSP370_40_LON_-56.506_LAT_60.819.csv
Deploying model... (Threshold: 0.4468926191329956)
⚠️ Bifurcation Found! Window: [402:530] | Prob: 0.4507
⚠️ Bifurcation Found! Window: [534:662] | Prob: 0.5186
⚠️ Bifurcation Found! Window: [666:794] | Prob: 0.5359
⚠️ Bifurcation Found! Window: [798:926] | Prob: 0.5598
📊 Changepoint Analysis Complete
    Method          : Binary Segmentation (rbf)
    Breakpoint at   : timestep 510
    Confidence score: 0.073  (between/total variance ratio)
Plot saved to bifurcation_inference.png
Max probability seen  : 0.5928 at t=702
Mean probability      : 0.4677
% windows above 0.45  : 55.0%
% windows above 0.50  : 38.3%
% windows above thresh: 55.0%

----------------────────────────────────
INFERENCE COMPLETE. Total Triggers: 4
----------------────────────────────────
Detailed logs saved to 'detected_ocean_bifurcations_40.csv'.
