/home/users/thopri/.local/lib/python3.12/site-packages/torch/nn/modules/transformer.py:515: UserWarning: The PyTorch API of nested tensors is in prototype stage and will change in the near future. We recommend specifying layout=torch.jagged when constructing a nested tensor, as this layout receives active development, has better operator coverage, and works with torch.compile. (Triggered internally at /pytorch/aten/src/ATen/NestedTensorImpl.cpp:178.)
  output = torch._nested_tensor_from_mask(
/home/users/thopri/.local/lib/python3.12/site-packages/torch/optim/lbfgs.py:457: UserWarning: Converting a tensor with requires_grad=True to a scalar may lead to unexpected behavior.
Consider using tensor.detach() first. (Triggered internally at /pytorch/torch/csrc/autograd/generated/python_variable_methods.cpp:835.)
  loss = float(closure())
/home/users/thopri/PROMOTE/LatentTCN/pipeline.py:284: RuntimeWarning: overflow encountered in scalar power
  r[t] = r[t-1] + (mu * r[t-1] - r[t-1]**3) * dt + sigma * self.rng.standard_normal()
/home/users/thopri/PROMOTE/LatentTCN/pipeline.py:284: RuntimeWarning: invalid value encountered in scalar add
  r[t] = r[t-1] + (mu * r[t-1] - r[t-1]**3) * dt + sigma * self.rng.standard_normal()
============================================================
DYNAMIC CALIBRATION REPORT FOR TARGET REGION
============================================================
A. LATENT SDE SYSTEM CONFIG:
   sigma (Noise Intensity)        : 0.56315
   strat_decay (Damping factor)   : 0.91310
   meso_decay (Dissipation rate)  : 1.25592
------------------------------------------------------------
B. OBSERVATION BASELINES & SWINGS:
   temp     -> Baseline Mean:    5.177 | Physical Swing (±1σ): 1.8944
   salt     -> Baseline Mean:   34.816 | Physical Swing (±1σ): 0.2135
   ssh      -> Baseline Mean:   -1.454 | Physical Swing (±1σ): 0.0665
   u_curr   -> Baseline Mean:   -0.050 | Physical Swing (±1σ): 0.0376
   v_curr   -> Baseline Mean:   -0.005 | Physical Swing (±1σ): 0.0465
============================================================
Generating synthetic dataset...
Fitting scaler on training subset...
Scaler successfully fitted across training pool data.
Scaler statistics exported to 'scalers/synthetic_channel_scaler_1.pkl'

Starting Training...
Epoch 01 | Val Loss: 0.1837 | F1: 0.503 | Prec: 0.86 | Rec: 0.35
Epoch 02 | Val Loss: 0.1953 | F1: 0.579 | Prec: 0.87 | Rec: 0.43
Epoch 03 | Val Loss: 0.1853 | F1: 0.581 | Prec: 0.89 | Rec: 0.43
Epoch 04 | Val Loss: 0.1875 | F1: 0.527 | Prec: 0.93 | Rec: 0.37
Epoch 05 | Val Loss: 0.1758 | F1: 0.550 | Prec: 0.88 | Rec: 0.40
Epoch 06 | Val Loss: 0.1657 | F1: 0.604 | Prec: 0.84 | Rec: 0.47
Epoch 07 | Val Loss: 0.1716 | F1: 0.621 | Prec: 0.78 | Rec: 0.51
Epoch 08 | Val Loss: 0.1850 | F1: 0.610 | Prec: 0.82 | Rec: 0.49
Epoch 09 | Val Loss: 0.1644 | F1: 0.642 | Prec: 0.75 | Rec: 0.56
Epoch 10 | Val Loss: 0.1675 | F1: 0.606 | Prec: 0.85 | Rec: 0.47
Epoch 11 | Val Loss: 0.1777 | F1: 0.579 | Prec: 0.85 | Rec: 0.44
Epoch 12 | Val Loss: 0.1669 | F1: 0.616 | Prec: 0.76 | Rec: 0.52
Epoch 13 | Val Loss: 0.1715 | F1: 0.598 | Prec: 0.83 | Rec: 0.47
Epoch 14 | Val Loss: 0.1840 | F1: 0.615 | Prec: 0.83 | Rec: 0.49
Epoch 15 | Val Loss: 0.1687 | F1: 0.656 | Prec: 0.69 | Rec: 0.62
Epoch 16 | Val Loss: 0.1740 | F1: 0.646 | Prec: 0.72 | Rec: 0.58
Epoch 17 | Val Loss: 0.1688 | F1: 0.584 | Prec: 0.85 | Rec: 0.45
Epoch 18 | Val Loss: 0.1724 | F1: 0.640 | Prec: 0.74 | Rec: 0.56
Epoch 19 | Val Loss: 0.1773 | F1: 0.622 | Prec: 0.77 | Rec: 0.52

Early stopping triggered at epoch 19

Testing on hold-out set...
Calibrated T = 1.4269
Final Test -> F1: 0.678 | Precision: 0.82 | Recall: 0.58
Recommended Threshold (FPR ≤ 5%): 0.5416 → TPR: 0.473, FPR: 0.049
============================================================
THRESHOLD OPTIMIZATION REPORT
============================================================
Area Under ROC Curve (ROC-AUC): 0.7742
Recommended Threshold (Youden's J): 0.5091
Recommended Threshold (Maximize F1):  0.4536 -> Max F1: 0.7167
------------------------------------------------------------

Classification Report using default threshold (0.500):
              precision    recall  f1-score   support

         0.0      0.660     0.868     0.750       365
         1.0      0.822     0.577     0.678       385

    accuracy                          0.719       750
   macro avg      0.741     0.723     0.714       750
weighted avg      0.743     0.719     0.713       750


Classification Report using optimized F1 threshold (0.454):
              precision    recall  f1-score   support

         0.0      0.715     0.578     0.639       365
         1.0      0.662     0.782     0.717       385

    accuracy                          0.683       750
   macro avg      0.688     0.680     0.678       750
weighted avg      0.688     0.683     0.679       750


Classification Report using minimised FPR threshold (0.5416):
============================================================
Best Threshold -> 0.4536435008049011
Historical false-positive alert timesteps: 0 / 780
============================================================
DYNAMIC CALIBRATION REPORT FOR TARGET REGION
============================================================
A. LATENT SDE SYSTEM CONFIG:
   sigma (Noise Intensity)        : 0.52204
   strat_decay (Damping factor)   : 0.77808
   meso_decay (Dissipation rate)  : 1.42302
------------------------------------------------------------
B. OBSERVATION BASELINES & SWINGS:
   temp     -> Baseline Mean:    5.225 | Physical Swing (±1σ): 1.8578
   salt     -> Baseline Mean:   34.836 | Physical Swing (±1σ): 0.2153
   ssh      -> Baseline Mean:   -1.459 | Physical Swing (±1σ): 0.0669
   u_curr   -> Baseline Mean:   -0.056 | Physical Swing (±1σ): 0.0359
   v_curr   -> Baseline Mean:   -0.012 | Physical Swing (±1σ): 0.0474
============================================================
Generating synthetic dataset...
Fitting scaler on training subset...
Scaler successfully fitted across training pool data.
Scaler statistics exported to 'scalers/synthetic_channel_scaler_2.pkl'

Starting Training...
Epoch 01 | Val Loss: 0.1721 | F1: 0.622 | Prec: 0.79 | Rec: 0.51
Epoch 02 | Val Loss: 0.1729 | F1: 0.670 | Prec: 0.69 | Rec: 0.66
Epoch 03 | Val Loss: 0.1761 | F1: 0.624 | Prec: 0.83 | Rec: 0.50
Epoch 04 | Val Loss: 0.1619 | F1: 0.647 | Prec: 0.76 | Rec: 0.57
Epoch 05 | Val Loss: 0.1647 | F1: 0.649 | Prec: 0.77 | Rec: 0.56
Epoch 06 | Val Loss: 0.1740 | F1: 0.613 | Prec: 0.83 | Rec: 0.49
Epoch 07 | Val Loss: 0.1644 | F1: 0.611 | Prec: 0.86 | Rec: 0.47
Epoch 08 | Val Loss: 0.1647 | F1: 0.595 | Prec: 0.87 | Rec: 0.45
Epoch 09 | Val Loss: 0.1652 | F1: 0.623 | Prec: 0.87 | Rec: 0.49
Epoch 10 | Val Loss: 0.1644 | F1: 0.665 | Prec: 0.76 | Rec: 0.59
Epoch 11 | Val Loss: 0.1713 | F1: 0.587 | Prec: 0.88 | Rec: 0.44
Epoch 12 | Val Loss: 0.1660 | F1: 0.617 | Prec: 0.82 | Rec: 0.49
Epoch 13 | Val Loss: 0.1615 | F1: 0.639 | Prec: 0.80 | Rec: 0.53
Epoch 14 | Val Loss: 0.1600 | F1: 0.632 | Prec: 0.82 | Rec: 0.51
Epoch 15 | Val Loss: 0.1611 | F1: 0.644 | Prec: 0.81 | Rec: 0.54
Epoch 16 | Val Loss: 0.1641 | F1: 0.628 | Prec: 0.83 | Rec: 0.51
Epoch 17 | Val Loss: 0.1724 | F1: 0.539 | Prec: 0.92 | Rec: 0.38
Epoch 18 | Val Loss: 0.1693 | F1: 0.597 | Prec: 0.84 | Rec: 0.46
Epoch 19 | Val Loss: 0.1625 | F1: 0.609 | Prec: 0.85 | Rec: 0.47
Epoch 20 | Val Loss: 0.1662 | F1: 0.626 | Prec: 0.83 | Rec: 0.50
Epoch 21 | Val Loss: 0.1670 | F1: 0.625 | Prec: 0.81 | Rec: 0.51
Epoch 22 | Val Loss: 0.1728 | F1: 0.615 | Prec: 0.79 | Rec: 0.50
Epoch 23 | Val Loss: 0.1718 | F1: 0.598 | Prec: 0.86 | Rec: 0.46
Epoch 24 | Val Loss: 0.1683 | F1: 0.630 | Prec: 0.82 | Rec: 0.51

Early stopping triggered at epoch 24

Testing on hold-out set...
Calibrated T = 1.4227
Final Test -> F1: 0.658 | Precision: 0.85 | Recall: 0.54
Recommended Threshold (FPR ≤ 5%): 0.5270 → TPR: 0.460, FPR: 0.049
============================================================
THRESHOLD OPTIMIZATION REPORT
============================================================
Area Under ROC Curve (ROC-AUC): 0.7898
Recommended Threshold (Youden's J): 0.4955
Recommended Threshold (Maximize F1):  0.4478 -> Max F1: 0.7358
------------------------------------------------------------

Classification Report using default threshold (0.500):
              precision    recall  f1-score   support

         0.0      0.648     0.899     0.753       365
         1.0      0.848     0.538     0.658       385

    accuracy                          0.713       750
   macro avg      0.748     0.718     0.706       750
weighted avg      0.751     0.713     0.704       750


Classification Report using optimized F1 threshold (0.448):
              precision    recall  f1-score   support

         0.0      0.746     0.586     0.656       365
         1.0      0.674     0.810     0.736       385

    accuracy                          0.701       750
   macro avg      0.710     0.698     0.696       750
weighted avg      0.709     0.701     0.697       750


Classification Report using minimised FPR threshold (0.5270):
============================================================
Best Threshold -> 0.44782692193984985
Historical false-positive alert timesteps: 0 / 780
============================================================
DYNAMIC CALIBRATION REPORT FOR TARGET REGION
============================================================
A. LATENT SDE SYSTEM CONFIG:
   sigma (Noise Intensity)        : 0.46915
   strat_decay (Damping factor)   : 1.06619
   meso_decay (Dissipation rate)  : 1.44019
------------------------------------------------------------
B. OBSERVATION BASELINES & SWINGS:
   temp     -> Baseline Mean:    5.090 | Physical Swing (±1σ): 1.8732
   salt     -> Baseline Mean:   34.792 | Physical Swing (±1σ): 0.1882
   ssh      -> Baseline Mean:   -1.437 | Physical Swing (±1σ): 0.0593
   u_curr   -> Baseline Mean:   -0.045 | Physical Swing (±1σ): 0.0356
   v_curr   -> Baseline Mean:   -0.001 | Physical Swing (±1σ): 0.0465
============================================================
Generating synthetic dataset...
Fitting scaler on training subset...
Scaler successfully fitted across training pool data.
Scaler statistics exported to 'scalers/synthetic_channel_scaler_3.pkl'

Starting Training...
Epoch 01 | Val Loss: 0.1963 | F1: 0.575 | Prec: 0.90 | Rec: 0.42
Epoch 02 | Val Loss: 0.1682 | F1: 0.686 | Prec: 0.69 | Rec: 0.68
Epoch 03 | Val Loss: 0.1696 | F1: 0.607 | Prec: 0.83 | Rec: 0.48
Epoch 04 | Val Loss: 0.1689 | F1: 0.600 | Prec: 0.88 | Rec: 0.46
Epoch 05 | Val Loss: 0.1650 | F1: 0.655 | Prec: 0.76 | Rec: 0.58
Epoch 06 | Val Loss: 0.1652 | F1: 0.655 | Prec: 0.78 | Rec: 0.56
Epoch 07 | Val Loss: 0.1621 | F1: 0.610 | Prec: 0.91 | Rec: 0.46
Epoch 08 | Val Loss: 0.1598 | F1: 0.642 | Prec: 0.80 | Rec: 0.54
Epoch 09 | Val Loss: 0.1711 | F1: 0.587 | Prec: 0.94 | Rec: 0.43
Epoch 10 | Val Loss: 0.1580 | F1: 0.655 | Prec: 0.78 | Rec: 0.57
Epoch 11 | Val Loss: 0.1676 | F1: 0.644 | Prec: 0.83 | Rec: 0.53
Epoch 12 | Val Loss: 0.1655 | F1: 0.655 | Prec: 0.85 | Rec: 0.53
Epoch 13 | Val Loss: 0.1681 | F1: 0.601 | Prec: 0.88 | Rec: 0.46
Epoch 14 | Val Loss: 0.1744 | F1: 0.591 | Prec: 0.90 | Rec: 0.44
Epoch 15 | Val Loss: 0.1703 | F1: 0.584 | Prec: 0.89 | Rec: 0.43
Epoch 16 | Val Loss: 0.1628 | F1: 0.672 | Prec: 0.79 | Rec: 0.59
Epoch 17 | Val Loss: 0.1579 | F1: 0.678 | Prec: 0.68 | Rec: 0.67
Epoch 18 | Val Loss: 0.1631 | F1: 0.652 | Prec: 0.82 | Rec: 0.54
Epoch 19 | Val Loss: 0.1552 | F1: 0.652 | Prec: 0.78 | Rec: 0.56
Epoch 20 | Val Loss: 0.1613 | F1: 0.674 | Prec: 0.77 | Rec: 0.60
Epoch 21 | Val Loss: 0.1578 | F1: 0.663 | Prec: 0.78 | Rec: 0.57
Epoch 22 | Val Loss: 0.1580 | F1: 0.678 | Prec: 0.74 | Rec: 0.62
Epoch 23 | Val Loss: 0.1772 | F1: 0.650 | Prec: 0.77 | Rec: 0.56
Epoch 24 | Val Loss: 0.1663 | F1: 0.663 | Prec: 0.78 | Rec: 0.58
Epoch 25 | Val Loss: 0.1576 | F1: 0.667 | Prec: 0.75 | Rec: 0.60
Epoch 26 | Val Loss: 0.1595 | F1: 0.680 | Prec: 0.71 | Rec: 0.65
Epoch 27 | Val Loss: 0.1641 | F1: 0.693 | Prec: 0.72 | Rec: 0.67
Epoch 28 | Val Loss: 0.1604 | F1: 0.659 | Prec: 0.77 | Rec: 0.58
Epoch 29 | Val Loss: 0.1638 | F1: 0.662 | Prec: 0.75 | Rec: 0.59

Early stopping triggered at epoch 29

Testing on hold-out set...
Calibrated T = 1.4158
Final Test -> F1: 0.694 | Precision: 0.83 | Recall: 0.60
Recommended Threshold (FPR ≤ 5%): 0.5472 → TPR: 0.483, FPR: 0.041
============================================================
THRESHOLD OPTIMIZATION REPORT
============================================================
Area Under ROC Curve (ROC-AUC): 0.7965
Recommended Threshold (Youden's J): 0.4932
Recommended Threshold (Maximize F1):  0.4558 -> Max F1: 0.7313
------------------------------------------------------------

Classification Report using default threshold (0.500):
              precision    recall  f1-score   support

         0.0      0.672     0.868     0.757       365
         1.0      0.827     0.597     0.694       385

    accuracy                          0.729       750
   macro avg      0.749     0.733     0.726       750
weighted avg      0.752     0.729     0.725       750


Classification Report using optimized F1 threshold (0.456):
              precision    recall  f1-score   support

         0.0      0.725     0.658     0.690       365
         1.0      0.702     0.764     0.731       385

    accuracy                          0.712       750
   macro avg      0.713     0.711     0.710       750
weighted avg      0.713     0.712     0.711       750


Classification Report using minimised FPR threshold (0.5472):
============================================================
Best Threshold -> 0.4557594358921051
Historical false-positive alert timesteps: 316 / 780
============================================================
DYNAMIC CALIBRATION REPORT FOR TARGET REGION
============================================================
A. LATENT SDE SYSTEM CONFIG:
   sigma (Noise Intensity)        : 0.58709
   strat_decay (Damping factor)   : 0.76472
   meso_decay (Dissipation rate)  : 1.27406
------------------------------------------------------------
B. OBSERVATION BASELINES & SWINGS:
   temp     -> Baseline Mean:    5.142 | Physical Swing (±1σ): 1.8890
   salt     -> Baseline Mean:   34.859 | Physical Swing (±1σ): 0.2217
   ssh      -> Baseline Mean:   -1.450 | Physical Swing (±1σ): 0.0630
   u_curr   -> Baseline Mean:   -0.050 | Physical Swing (±1σ): 0.0375
   v_curr   -> Baseline Mean:   -0.013 | Physical Swing (±1σ): 0.0454
============================================================
Generating synthetic dataset...
Fitting scaler on training subset...
Scaler successfully fitted across training pool data.
Scaler statistics exported to 'scalers/synthetic_channel_scaler_4.pkl'

Starting Training...
Epoch 01 | Val Loss: 0.2248 | F1: 0.599 | Prec: 0.80 | Rec: 0.48
Epoch 02 | Val Loss: 0.1921 | F1: 0.613 | Prec: 0.76 | Rec: 0.51
Epoch 03 | Val Loss: 0.1727 | F1: 0.590 | Prec: 0.78 | Rec: 0.47
Epoch 04 | Val Loss: 0.1910 | F1: 0.588 | Prec: 0.87 | Rec: 0.44
Epoch 05 | Val Loss: 0.1739 | F1: 0.543 | Prec: 0.91 | Rec: 0.39
Epoch 06 | Val Loss: 0.1831 | F1: 0.524 | Prec: 0.91 | Rec: 0.37
Epoch 07 | Val Loss: 0.1689 | F1: 0.592 | Prec: 0.83 | Rec: 0.46
Epoch 08 | Val Loss: 0.1691 | F1: 0.588 | Prec: 0.80 | Rec: 0.47
Epoch 09 | Val Loss: 0.1633 | F1: 0.607 | Prec: 0.78 | Rec: 0.50
Epoch 10 | Val Loss: 0.1645 | F1: 0.649 | Prec: 0.75 | Rec: 0.57
Epoch 11 | Val Loss: 0.1667 | F1: 0.603 | Prec: 0.78 | Rec: 0.49
Epoch 12 | Val Loss: 0.1675 | F1: 0.597 | Prec: 0.84 | Rec: 0.46
Epoch 13 | Val Loss: 0.1642 | F1: 0.646 | Prec: 0.76 | Rec: 0.56
Epoch 14 | Val Loss: 0.1875 | F1: 0.550 | Prec: 0.82 | Rec: 0.41
Epoch 15 | Val Loss: 0.1852 | F1: 0.547 | Prec: 0.91 | Rec: 0.39
Epoch 16 | Val Loss: 0.1670 | F1: 0.621 | Prec: 0.82 | Rec: 0.50
Epoch 17 | Val Loss: 0.1698 | F1: 0.616 | Prec: 0.79 | Rec: 0.50
Epoch 18 | Val Loss: 0.1692 | F1: 0.625 | Prec: 0.77 | Rec: 0.53
Epoch 19 | Val Loss: 0.1735 | F1: 0.555 | Prec: 0.88 | Rec: 0.41

Early stopping triggered at epoch 19

Testing on hold-out set...
Calibrated T = 1.4328
Final Test -> F1: 0.658 | Precision: 0.85 | Recall: 0.54
Recommended Threshold (FPR ≤ 5%): 0.5310 → TPR: 0.439, FPR: 0.049
============================================================
THRESHOLD OPTIMIZATION REPORT
============================================================
Area Under ROC Curve (ROC-AUC): 0.7756
Recommended Threshold (Youden's J): 0.4970
Recommended Threshold (Maximize F1):  0.4643 -> Max F1: 0.7228
------------------------------------------------------------

Classification Report using default threshold (0.500):
              precision    recall  f1-score   support

         0.0      0.648     0.904     0.755       365
         1.0      0.855     0.535     0.658       385

    accuracy                          0.715       750
   macro avg      0.752     0.720     0.707       750
weighted avg      0.754     0.715     0.705       750


Classification Report using optimized F1 threshold (0.464):
              precision    recall  f1-score   support

         0.0      0.708     0.704     0.706       365
         1.0      0.721     0.725     0.723       385

    accuracy                          0.715       750
   macro avg      0.714     0.714     0.714       750
weighted avg      0.715     0.715     0.715       750


Classification Report using minimised FPR threshold (0.5310):
============================================================
Best Threshold -> 0.4643115997314453
Historical false-positive alert timesteps: 0 / 780
============================================================
DYNAMIC CALIBRATION REPORT FOR TARGET REGION
============================================================
A. LATENT SDE SYSTEM CONFIG:
   sigma (Noise Intensity)        : 0.62360
   strat_decay (Damping factor)   : 0.88692
   meso_decay (Dissipation rate)  : 1.29088
------------------------------------------------------------
B. OBSERVATION BASELINES & SWINGS:
   temp     -> Baseline Mean:    5.130 | Physical Swing (±1σ): 1.8529
   salt     -> Baseline Mean:   34.838 | Physical Swing (±1σ): 0.2593
   ssh      -> Baseline Mean:   -1.459 | Physical Swing (±1σ): 0.0550
   u_curr   -> Baseline Mean:   -0.046 | Physical Swing (±1σ): 0.0377
   v_curr   -> Baseline Mean:   -0.011 | Physical Swing (±1σ): 0.0473
============================================================
Generating synthetic dataset...
Fitting scaler on training subset...
Scaler successfully fitted across training pool data.
Scaler statistics exported to 'scalers/synthetic_channel_scaler_5.pkl'

Starting Training...
Epoch 01 | Val Loss: 0.2012 | F1: 0.555 | Prec: 0.82 | Rec: 0.42
Epoch 02 | Val Loss: 0.1857 | F1: 0.549 | Prec: 0.83 | Rec: 0.41
Epoch 03 | Val Loss: 0.1952 | F1: 0.475 | Prec: 0.92 | Rec: 0.32
Epoch 04 | Val Loss: 0.1837 | F1: 0.560 | Prec: 0.87 | Rec: 0.41
Epoch 05 | Val Loss: 0.2000 | F1: 0.539 | Prec: 0.89 | Rec: 0.39
Epoch 06 | Val Loss: 0.1775 | F1: 0.589 | Prec: 0.84 | Rec: 0.45
Epoch 07 | Val Loss: 0.1742 | F1: 0.518 | Prec: 0.89 | Rec: 0.37
Epoch 08 | Val Loss: 0.1649 | F1: 0.623 | Prec: 0.78 | Rec: 0.52
Epoch 09 | Val Loss: 0.1723 | F1: 0.568 | Prec: 0.85 | Rec: 0.43
Epoch 10 | Val Loss: 0.1761 | F1: 0.578 | Prec: 0.82 | Rec: 0.45
Epoch 11 | Val Loss: 0.1672 | F1: 0.599 | Prec: 0.73 | Rec: 0.51
Epoch 12 | Val Loss: 0.1766 | F1: 0.562 | Prec: 0.84 | Rec: 0.42
Epoch 13 | Val Loss: 0.1648 | F1: 0.635 | Prec: 0.78 | Rec: 0.54
Epoch 14 | Val Loss: 0.1725 | F1: 0.626 | Prec: 0.81 | Rec: 0.51
Epoch 15 | Val Loss: 0.1714 | F1: 0.595 | Prec: 0.80 | Rec: 0.47
Epoch 16 | Val Loss: 0.1657 | F1: 0.624 | Prec: 0.78 | Rec: 0.52
Epoch 17 | Val Loss: 0.1740 | F1: 0.625 | Prec: 0.75 | Rec: 0.54
Epoch 18 | Val Loss: 0.1634 | F1: 0.665 | Prec: 0.68 | Rec: 0.65
Epoch 19 | Val Loss: 0.1706 | F1: 0.593 | Prec: 0.85 | Rec: 0.46
Epoch 20 | Val Loss: 0.1695 | F1: 0.556 | Prec: 0.90 | Rec: 0.40
Epoch 21 | Val Loss: 0.1641 | F1: 0.632 | Prec: 0.73 | Rec: 0.55
Epoch 22 | Val Loss: 0.1674 | F1: 0.617 | Prec: 0.79 | Rec: 0.50
Epoch 23 | Val Loss: 0.1667 | F1: 0.675 | Prec: 0.64 | Rec: 0.71
Epoch 24 | Val Loss: 0.1750 | F1: 0.668 | Prec: 0.64 | Rec: 0.70
Epoch 25 | Val Loss: 0.1738 | F1: 0.619 | Prec: 0.80 | Rec: 0.50
Epoch 26 | Val Loss: 0.1705 | F1: 0.646 | Prec: 0.70 | Rec: 0.60
Epoch 27 | Val Loss: 0.1682 | F1: 0.642 | Prec: 0.70 | Rec: 0.59
Epoch 28 | Val Loss: 0.1641 | F1: 0.651 | Prec: 0.70 | Rec: 0.61

Early stopping triggered at epoch 28

Testing on hold-out set...
Calibrated T = 1.4312
Final Test -> F1: 0.689 | Precision: 0.72 | Recall: 0.66
Recommended Threshold (FPR ≤ 5%): 0.5498 → TPR: 0.423, FPR: 0.049
============================================================
THRESHOLD OPTIMIZATION REPORT
============================================================
Area Under ROC Curve (ROC-AUC): 0.7696
Recommended Threshold (Youden's J): 0.5182
Recommended Threshold (Maximize F1):  0.4445 -> Max F1: 0.7144
------------------------------------------------------------

Classification Report using default threshold (0.500):
              precision    recall  f1-score   support

         0.0      0.671     0.732     0.700       365
         1.0      0.722     0.660     0.689       385

    accuracy                          0.695       750
   macro avg      0.696     0.696     0.695       750
weighted avg      0.697     0.695     0.694       750


Classification Report using optimized F1 threshold (0.444):
              precision    recall  f1-score   support

         0.0      0.785     0.310     0.444       365
         1.0      0.584     0.919     0.714       385

    accuracy                          0.623       750
   macro avg      0.684     0.615     0.579       750
weighted avg      0.682     0.623     0.583       750


Classification Report using minimised FPR threshold (0.5498):
============================================================
Best Threshold -> 0.4444982707500458
Historical false-positive alert timesteps: 0 / 780
============================================================
DYNAMIC CALIBRATION REPORT FOR TARGET REGION
============================================================
A. LATENT SDE SYSTEM CONFIG:
   sigma (Noise Intensity)        : 0.65064
   strat_decay (Damping factor)   : 0.81314
   meso_decay (Dissipation rate)  : 1.41483
------------------------------------------------------------
B. OBSERVATION BASELINES & SWINGS:
   temp     -> Baseline Mean:    5.509 | Physical Swing (±1σ): 1.8879
   salt     -> Baseline Mean:   34.846 | Physical Swing (±1σ): 0.2385
   ssh      -> Baseline Mean:   -1.386 | Physical Swing (±1σ): 0.0710
   u_curr   -> Baseline Mean:   -0.050 | Physical Swing (±1σ): 0.0354
   v_curr   -> Baseline Mean:    0.002 | Physical Swing (±1σ): 0.0474
============================================================
Generating synthetic dataset...
Fitting scaler on training subset...
Scaler successfully fitted across training pool data.
Scaler statistics exported to 'scalers/synthetic_channel_scaler_6.pkl'

Starting Training...
Epoch 01 | Val Loss: nan | F1: 0.000 | Prec: 0.00 | Rec: 0.00
Epoch 02 | Val Loss: nan | F1: 0.000 | Prec: 0.00 | Rec: 0.00
Epoch 03 | Val Loss: nan | F1: 0.000 | Prec: 0.00 | Rec: 0.00
Epoch 04 | Val Loss: nan | F1: 0.000 | Prec: 0.00 | Rec: 0.00
Epoch 05 | Val Loss: nan | F1: 0.000 | Prec: 0.00 | Rec: 0.00
Epoch 06 | Val Loss: nan | F1: 0.000 | Prec: 0.00 | Rec: 0.00
Epoch 07 | Val Loss: nan | F1: 0.000 | Prec: 0.00 | Rec: 0.00
Epoch 08 | Val Loss: nan | F1: 0.000 | Prec: 0.00 | Rec: 0.00
Epoch 09 | Val Loss: nan | F1: 0.000 | Prec: 0.00 | Rec: 0.00
Epoch 10 | Val Loss: nan | F1: 0.000 | Prec: 0.00 | Rec: 0.00

Early stopping triggered at epoch 10

Testing on hold-out set...
Traceback (most recent call last):
  File "/home/users/thopri/PROMOTE/LatentTCN/pipeline.py", line 1224, in <module>
    model.load_state_dict(torch.load(f"models/best_bifurcation_model_{i+1}.pth",weights_only=True))
                          ^^^^^^^^^^^^^^^^^^^^^^^^^^^^^^^^^^^^^^^^^^^^^^^^^^^^^^^^^^^^^^^^^^^^^^^^
  File "/home/users/thopri/.local/lib/python3.12/site-packages/torch/serialization.py", line 1484, in load
    with _open_file_like(f, "rb") as opened_file:
         ^^^^^^^^^^^^^^^^^^^^^^^^
  File "/home/users/thopri/.local/lib/python3.12/site-packages/torch/serialization.py", line 759, in _open_file_like
    return _open_file(name_or_buffer, mode)
           ^^^^^^^^^^^^^^^^^^^^^^^^^^^^^^^^
  File "/home/users/thopri/.local/lib/python3.12/site-packages/torch/serialization.py", line 740, in __init__
    super().__init__(open(name, mode))
                     ^^^^^^^^^^^^^^^^
FileNotFoundError: [Errno 2] No such file or directory: 'models/best_bifurcation_model_6.pth'
