Initializing model topology...
Trained model weights successfully loaded into memory.
Loading telemetry data from: ensembles/CANARI_SSP370_1_LON_-56.506_LAT_60.819.csv
Deploying model... (Threshold: 0.45707380771636963)
⚠️ Bifurcation Found! Window: [300:428] | Prob: 0.4595
⚠️ Bifurcation Found! Window: [432:560] | Prob: 0.4602
⚠️ Bifurcation Found! Window: [564:692] | Prob: 0.4907
⚠️ Bifurcation Found! Window: [696:824] | Prob: 0.4635
⚠️ Bifurcation Found! Window: [828:956] | Prob: 0.4760
📊 Changepoint Analysis Complete
    Method          : Binary Segmentation (rbf)
    Breakpoint at   : timestep 555
    Confidence score: 0.076  (between/total variance ratio)
Plot saved to bifurcation_inference.png
Max probability seen  : 0.4950 at t=546
Mean probability      : 0.4584
% windows above 0.45  : 69.1%
% windows above 0.50  : 0.0%
% windows above thresh: 65.8%

----------------────────────────────────
INFERENCE COMPLETE. Total Triggers: 5
----------------────────────────────────
Detailed logs saved to 'detected_ocean_bifurcations_1.csv'.
Initializing model topology...
Trained model weights successfully loaded into memory.
Loading telemetry data from: ensembles/CANARI_SSP370_2_LON_-56.506_LAT_60.819.csv
Deploying model... (Threshold: 0.44548848271369934)
⚠️ Bifurcation Found! Window: [354:482] | Prob: 0.4511
⚠️ Bifurcation Found! Window: [486:614] | Prob: 0.4627
⚠️ Bifurcation Found! Window: [618:746] | Prob: 0.4509
⚠️ Bifurcation Found! Window: [750:878] | Prob: 0.4990
⚠️ Bifurcation Found! Window: [882:1010] | Prob: 0.4805
📊 Changepoint Analysis Complete
    Method          : Binary Segmentation (rbf)
    Breakpoint at   : timestep 510
    Confidence score: 0.066  (between/total variance ratio)
Plot saved to bifurcation_inference.png
Max probability seen  : 0.5115 at t=762
Mean probability      : 0.4445
% windows above 0.45  : 57.0%
% windows above 0.50  : 4.0%
% windows above thresh: 60.4%

----------------────────────────────────
INFERENCE COMPLETE. Total Triggers: 5
----------------────────────────────────
Detailed logs saved to 'detected_ocean_bifurcations_2.csv'.
null alerts raised during training, skipping inference for ensemble 3
Initializing model topology...
Trained model weights successfully loaded into memory.
Loading telemetry data from: ensembles/CANARI_SSP370_4_LON_-56.506_LAT_60.819.csv
Deploying model... (Threshold: 0.4572508633136749)
⚠️ Bifurcation Found! Window: [672:800] | Prob: 0.4578
⚠️ Bifurcation Found! Window: [804:932] | Prob: 0.4740
📊 Changepoint Analysis Complete
    Method          : Binary Segmentation (rbf)
    Breakpoint at   : timestep 485
    Confidence score: 0.060  (between/total variance ratio)
Plot saved to bifurcation_inference.png
Max probability seen  : 0.5086 at t=888
Mean probability      : 0.4463
% windows above 0.45  : 45.0%
% windows above 0.50  : 1.3%
% windows above thresh: 24.2%

----------------────────────────────────
INFERENCE COMPLETE. Total Triggers: 2
----------------────────────────────────
Detailed logs saved to 'detected_ocean_bifurcations_4.csv'.
null alerts raised during training, skipping inference for ensemble 5
Traceback (most recent call last):
  File "/home/users/thopri/PROMOTE/LatentTCN/inference.py", line 323, in <module>
    if null_alerts[f"ensemble_{i+1}"] > 0:
       ~~~~~~~~~~~^^^^^^^^^^^^^^^^^^^
KeyError: 'ensemble_6'
